Archive member included to satisfy reference by file (symbol)

c:/ide/arm/10-2021-07/bin/../lib/gcc/arm-none-eabi/10.3.1/thumb/v7e-m/nofp\libgcc.a(_aeabi_uldivmod.o)
                              CMakeFiles/stm32_usb_gamepad.elf.dir/Drivers/STM32F4xx_HAL_Driver/Src/stm32f4xx_hal_rcc.c.obj (__aeabi_uldivmod)
c:/ide/arm/10-2021-07/bin/../lib/gcc/arm-none-eabi/10.3.1/thumb/v7e-m/nofp\libgcc.a(_udivmoddi4.o)
                              c:/ide/arm/10-2021-07/bin/../lib/gcc/arm-none-eabi/10.3.1/thumb/v7e-m/nofp\libgcc.a(_aeabi_uldivmod.o) (__udivmoddi4)
c:/ide/arm/10-2021-07/bin/../lib/gcc/arm-none-eabi/10.3.1/thumb/v7e-m/nofp\libgcc.a(_dvmd_tls.o)
                              c:/ide/arm/10-2021-07/bin/../lib/gcc/arm-none-eabi/10.3.1/thumb/v7e-m/nofp\libgcc.a(_aeabi_uldivmod.o) (__aeabi_ldiv0)
c:/ide/arm/10-2021-07/bin/../lib/gcc/arm-none-eabi/10.3.1/../../../../arm-none-eabi/lib/thumb/v7e-m/nofp\libg.a(lib_a-errno.o)
                              CMakeFiles/stm32_usb_gamepad.elf.dir/Core/Src/syscalls.c.obj (__errno)
c:/ide/arm/10-2021-07/bin/../lib/gcc/arm-none-eabi/10.3.1/../../../../arm-none-eabi/lib/thumb/v7e-m/nofp\libg.a(lib_a-exit.o)
                              c:/ide/arm/10-2021-07/bin/../lib/gcc/arm-none-eabi/10.3.1/../../../../arm-none-eabi/lib/thumb/v7e-m/nofp/crt0.o (exit)
c:/ide/arm/10-2021-07/bin/../lib/gcc/arm-none-eabi/10.3.1/../../../../arm-none-eabi/lib/thumb/v7e-m/nofp\libg.a(lib_a-impure.o)
                              c:/ide/arm/10-2021-07/bin/../lib/gcc/arm-none-eabi/10.3.1/../../../../arm-none-eabi/lib/thumb/v7e-m/nofp\libg.a(lib_a-exit.o) (_global_impure_ptr)
c:/ide/arm/10-2021-07/bin/../lib/gcc/arm-none-eabi/10.3.1/../../../../arm-none-eabi/lib/thumb/v7e-m/nofp\libg.a(lib_a-init.o)
                              c:/ide/arm/10-2021-07/bin/../lib/gcc/arm-none-eabi/10.3.1/../../../../arm-none-eabi/lib/thumb/v7e-m/nofp/crt0.o (__libc_init_array)
c:/ide/arm/10-2021-07/bin/../lib/gcc/arm-none-eabi/10.3.1/../../../../arm-none-eabi/lib/thumb/v7e-m/nofp\libg.a(lib_a-malloc.o)
                              CMakeFiles/stm32_usb_gamepad.elf.dir/Middlewares/ST/STM32_USB_Host_Library/Class/HID/Src/usbh_hid.c.obj (malloc)
c:/ide/arm/10-2021-07/bin/../lib/gcc/arm-none-eabi/10.3.1/../../../../arm-none-eabi/lib/thumb/v7e-m/nofp\libg.a(lib_a-mallocr.o)
                              c:/ide/arm/10-2021-07/bin/../lib/gcc/arm-none-eabi/10.3.1/../../../../arm-none-eabi/lib/thumb/v7e-m/nofp\libg.a(lib_a-malloc.o) (_malloc_r)
c:/ide/arm/10-2021-07/bin/../lib/gcc/arm-none-eabi/10.3.1/../../../../arm-none-eabi/lib/thumb/v7e-m/nofp\libg.a(lib_a-memset.o)
                              c:/ide/arm/10-2021-07/bin/../lib/gcc/arm-none-eabi/10.3.1/../../../../arm-none-eabi/lib/thumb/v7e-m/nofp/crt0.o (memset)
c:/ide/arm/10-2021-07/bin/../lib/gcc/arm-none-eabi/10.3.1/../../../../arm-none-eabi/lib/thumb/v7e-m/nofp\libg.a(lib_a-mlock.o)
                              c:/ide/arm/10-2021-07/bin/../lib/gcc/arm-none-eabi/10.3.1/../../../../arm-none-eabi/lib/thumb/v7e-m/nofp\libg.a(lib_a-mallocr.o) (__malloc_lock)
c:/ide/arm/10-2021-07/bin/../lib/gcc/arm-none-eabi/10.3.1/../../../../arm-none-eabi/lib/thumb/v7e-m/nofp\libg.a(lib_a-printf.o)
                              CMakeFiles/stm32_usb_gamepad.elf.dir/Core/Src/main.c.obj (printf)
c:/ide/arm/10-2021-07/bin/../lib/gcc/arm-none-eabi/10.3.1/../../../../arm-none-eabi/lib/thumb/v7e-m/nofp\libg.a(lib_a-putchar.o)
                              CMakeFiles/stm32_usb_gamepad.elf.dir/Middlewares/ST/STM32_USB_Host_Library/Class/HID/Src/usbh_hid.c.obj (putchar)
c:/ide/arm/10-2021-07/bin/../lib/gcc/arm-none-eabi/10.3.1/../../../../arm-none-eabi/lib/thumb/v7e-m/nofp\libg.a(lib_a-puts.o)
                              CMakeFiles/stm32_usb_gamepad.elf.dir/Core/Src/main.c.obj (puts)
c:/ide/arm/10-2021-07/bin/../lib/gcc/arm-none-eabi/10.3.1/../../../../arm-none-eabi/lib/thumb/v7e-m/nofp\libg.a(lib_a-sbrkr.o)
                              c:/ide/arm/10-2021-07/bin/../lib/gcc/arm-none-eabi/10.3.1/../../../../arm-none-eabi/lib/thumb/v7e-m/nofp\libg.a(lib_a-mallocr.o) (_sbrk_r)
c:/ide/arm/10-2021-07/bin/../lib/gcc/arm-none-eabi/10.3.1/../../../../arm-none-eabi/lib/thumb/v7e-m/nofp\libg.a(lib_a-strlen.o)
                              c:/ide/arm/10-2021-07/bin/../lib/gcc/arm-none-eabi/10.3.1/../../../../arm-none-eabi/lib/thumb/v7e-m/nofp\libg.a(lib_a-puts.o) (strlen)
c:/ide/arm/10-2021-07/bin/../lib/gcc/arm-none-eabi/10.3.1/../../../../arm-none-eabi/lib/thumb/v7e-m/nofp\libg.a(lib_a-vfprintf.o)
                              c:/ide/arm/10-2021-07/bin/../lib/gcc/arm-none-eabi/10.3.1/../../../../arm-none-eabi/lib/thumb/v7e-m/nofp\libg.a(lib_a-printf.o) (_vfprintf_r)
c:/ide/arm/10-2021-07/bin/../lib/gcc/arm-none-eabi/10.3.1/../../../../arm-none-eabi/lib/thumb/v7e-m/nofp\libg.a(lib_a-wsetup.o)
                              c:/ide/arm/10-2021-07/bin/../lib/gcc/arm-none-eabi/10.3.1/../../../../arm-none-eabi/lib/thumb/v7e-m/nofp\libg.a(lib_a-vfprintf.o) (__swsetup_r)
[...]
Memory Configuration

Name             Origin             Length             Attributes
RAM              0x20000000         0x00020000         xrw
CCMRAM           0x10000000         0x00010000         xrw
FLASH            0x08000000         0x00100000         xr
*default*        0x00000000         0xffffffff

Linker script and memory map

LOAD c:/ide/arm/10-2021-07/bin/../lib/gcc/arm-none-eabi/10.3.1/thumb/v7e-m/nofp/crti.o
LOAD c:/ide/arm/10-2021-07/bin/../lib/gcc/arm-none-eabi/10.3.1/thumb/v7e-m/nofp/crtbegin.o
LOAD c:/ide/arm/10-2021-07/bin/../lib/gcc/arm-none-eabi/10.3.1/../../../../arm-none-eabi/lib/thumb/v7e-m/nofp/crt0.o
LOAD CMakeFiles/stm32_usb_gamepad.elf.dir/Core/Src/main.c.obj
LOAD CMakeFiles/stm32_usb_gamepad.elf.dir/Core/Src/stm32f4xx_hal_msp.c.obj
LOAD CMakeFiles/stm32_usb_gamepad.elf.dir/Core/Src/stm32f4xx_it.c.obj
LOAD CMakeFiles/stm32_usb_gamepad.elf.dir/Core/Src/syscalls.c.obj
LOAD CMakeFiles/stm32_usb_gamepad.elf.dir/Core/Src/system_stm32f4xx.c.obj
LOAD CMakeFiles/stm32_usb_gamepad.elf.dir/Drivers/STM32F4xx_HAL_Driver/Src/stm32f4xx_hal.c.obj
LOAD CMakeFiles/stm32_usb_gamepad.elf.dir/Drivers/STM32F4xx_HAL_Driver/Src/stm32f4xx_hal_cortex.c.obj
LOAD CMakeFiles/stm32_usb_gamepad.elf.dir/Drivers/STM32F4xx_HAL_Driver/Src/stm32f4xx_hal_dma.c.obj
LOAD CMakeFiles/stm32_usb_gamepad.elf.dir/Drivers/STM32F4xx_HAL_Driver/Src/stm32f4xx_hal_dma_ex.c.obj
LOAD CMakeFiles/stm32_usb_gamepad.elf.dir/Drivers/STM32F4xx_HAL_Driver/Src/stm32f4xx_hal_exti.c.obj
LOAD CMakeFiles/stm32_usb_gamepad.elf.dir/Drivers/STM32F4xx_HAL_Driver/Src/stm32f4xx_hal_flash.c.obj
LOAD CMakeFiles/stm32_usb_gamepad.elf.dir/Drivers/STM32F4xx_HAL_Driver/Src/stm32f4xx_hal_flash_ex.c.obj
LOAD CMakeFiles/stm32_usb_gamepad.elf.dir/Drivers/STM32F4xx_HAL_Driver/Src/stm32f4xx_hal_flash_ramfunc.c.obj
LOAD CMakeFiles/stm32_usb_gamepad.elf.dir/Drivers/STM32F4xx_HAL_Driver/Src/stm32f4xx_hal_gpio.c.obj
LOAD CMakeFiles/stm32_usb_gamepad.elf.dir/Drivers/STM32F4xx_HAL_Driver/Src/stm32f4xx_hal_hcd.c.obj
LOAD CMakeFiles/stm32_usb_gamepad.elf.dir/Drivers/STM32F4xx_HAL_Driver/Src/stm32f4xx_hal_i2c.c.obj
LOAD CMakeFiles/stm32_usb_gamepad.elf.dir/Drivers/STM32F4xx_HAL_Driver/Src/stm32f4xx_hal_i2c_ex.c.obj
LOAD CMakeFiles/stm32_usb_gamepad.elf.dir/Drivers/STM32F4xx_HAL_Driver/Src/stm32f4xx_hal_i2s.c.obj
LOAD CMakeFiles/stm32_usb_gamepad.elf.dir/Drivers/STM32F4xx_HAL_Driver/Src/stm32f4xx_hal_i2s_ex.c.obj
LOAD CMakeFiles/stm32_usb_gamepad.elf.dir/Drivers/STM32F4xx_HAL_Driver/Src/stm32f4xx_hal_pwr.c.obj
LOAD CMakeFiles/stm32_usb_gamepad.elf.dir/Drivers/STM32F4xx_HAL_Driver/Src/stm32f4xx_hal_pwr_ex.c.obj
LOAD CMakeFiles/stm32_usb_gamepad.elf.dir/Drivers/STM32F4xx_HAL_Driver/Src/stm32f4xx_hal_rcc.c.obj
LOAD CMakeFiles/stm32_usb_gamepad.elf.dir/Drivers/STM32F4xx_HAL_Driver/Src/stm32f4xx_hal_rcc_ex.c.obj
LOAD CMakeFiles/stm32_usb_gamepad.elf.dir/Drivers/STM32F4xx_HAL_Driver/Src/stm32f4xx_hal_spi.c.obj
LOAD CMakeFiles/stm32_usb_gamepad.elf.dir/Drivers/STM32F4xx_HAL_Driver/Src/stm32f4xx_hal_tim.c.obj
LOAD CMakeFiles/stm32_usb_gamepad.elf.dir/Drivers/STM32F4xx_HAL_Driver/Src/stm32f4xx_hal_tim_ex.c.obj
LOAD CMakeFiles/stm32_usb_gamepad.elf.dir/Drivers/STM32F4xx_HAL_Driver/Src/stm32f4xx_hal_uart.c.obj
LOAD CMakeFiles/stm32_usb_gamepad.elf.dir/Drivers/STM32F4xx_HAL_Driver/Src/stm32f4xx_ll_usb.c.obj
LOAD CMakeFiles/stm32_usb_gamepad.elf.dir/Middlewares/ST/STM32_USB_Host_Library/Class/HID/Src/usbh_hid.c.obj
LOAD CMakeFiles/stm32_usb_gamepad.elf.dir/Middlewares/ST/STM32_USB_Host_Library/Class/HID/Src/usbh_hid_gamepad.c.obj
LOAD CMakeFiles/stm32_usb_gamepad.elf.dir/Middlewares/ST/STM32_USB_Host_Library/Class/HID/Src/usbh_hid_keybd.c.obj
LOAD CMakeFiles/stm32_usb_gamepad.elf.dir/Middlewares/ST/STM32_USB_Host_Library/Class/HID/Src/usbh_hid_mouse.c.obj
LOAD CMakeFiles/stm32_usb_gamepad.elf.dir/Middlewares/ST/STM32_USB_Host_Library/Class/HID/Src/usbh_hid_parser.c.obj
LOAD CMakeFiles/stm32_usb_gamepad.elf.dir/Middlewares/ST/STM32_USB_Host_Library/Core/Src/usbh_core.c.obj
LOAD CMakeFiles/stm32_usb_gamepad.elf.dir/Middlewares/ST/STM32_USB_Host_Library/Core/Src/usbh_ctlreq.c.obj
LOAD CMakeFiles/stm32_usb_gamepad.elf.dir/Middlewares/ST/STM32_USB_Host_Library/Core/Src/usbh_ioreq.c.obj
LOAD CMakeFiles/stm32_usb_gamepad.elf.dir/Middlewares/ST/STM32_USB_Host_Library/Core/Src/usbh_pipes.c.obj
LOAD CMakeFiles/stm32_usb_gamepad.elf.dir/USB_HOST/App/usb_host.c.obj
LOAD CMakeFiles/stm32_usb_gamepad.elf.dir/USB_HOST/Target/usbh_conf.c.obj
LOAD CMakeFiles/stm32_usb_gamepad.elf.dir/USB_HOST/Target/usbh_platform.c.obj
LOAD CMakeFiles/stm32_usb_gamepad.elf.dir/startup/startup_stm32f407xx.s.obj
START GROUP
LOAD c:/ide/arm/10-2021-07/bin/../lib/gcc/arm-none-eabi/10.3.1/thumb/v7e-m/nofp\libgcc.a
LOAD c:/ide/arm/10-2021-07/bin/../lib/gcc/arm-none-eabi/10.3.1/../../../../arm-none-eabi/lib/thumb/v7e-m/nofp\libg.a
LOAD c:/ide/arm/10-2021-07/bin/../lib/gcc/arm-none-eabi/10.3.1/../../../../arm-none-eabi/lib/thumb/v7e-m/nofp\libc.a
END GROUP
LOAD c:/ide/arm/10-2021-07/bin/../lib/gcc/arm-none-eabi/10.3.1/thumb/v7e-m/nofp/crtend.o
LOAD c:/ide/arm/10-2021-07/bin/../lib/gcc/arm-none-eabi/10.3.1/thumb/v7e-m/nofp/crtn.o
                0x20020000                _estack = 0x20020000
                0x00000200                _Min_Heap_Size = 0x200
                0x00000400                _Min_Stack_Size = 0x400

.isr_vector     0x08000000      0x188
                0x08000000                . = ALIGN (0x4)
 *(.isr_vector)
 .isr_vector    0x08000000      0x188 CMakeFiles/stm32_usb_gamepad.elf.dir/startup/startup_stm32f407xx.s.obj
                0x08000000                g_pfnVectors
                0x08000188                . = ALIGN (0x4)

.text           0x080001c0     0xbde8
                0x080001c0                . = ALIGN (0x4)
 *(.text)
 .text          0x080001c0       0x40 c:/ide/arm/10-2021-07/bin/../lib/gcc/arm-none-eabi/10.3.1/thumb/v7e-m/nofp/crtbegin.o
 .text          0x08000200       0x30 c:/ide/arm/10-2021-07/bin/../lib/gcc/arm-none-eabi/10.3.1/thumb/v7e-m/nofp\libgcc.a(_aeabi_uldivmod.o)
                0x08000200                __aeabi_uldivmod
 .text          0x08000230      0x2d0 c:/ide/arm/10-2021-07/bin/../lib/gcc/arm-none-eabi/10.3.1/thumb/v7e-m/nofp\libgcc.a(_udivmoddi4.o)
                0x08000230                __udivmoddi4
 .text          0x08000500        0x4 c:/ide/arm/10-2021-07/bin/../lib/gcc/arm-none-eabi/10.3.1/thumb/v7e-m/nofp\libgcc.a(_dvmd_tls.o)
                0x08000500                __aeabi_idiv0
                0x08000500                __aeabi_ldiv0
 *fill*         0x08000504       0x3c 
 .text          0x08000540       0xdc c:/ide/arm/10-2021-07/bin/../lib/gcc/arm-none-eabi/10.3.1/../../../../arm-none-eabi/lib/thumb/v7e-m/nofp\libg.a(lib_a-strlen.o)
                0x08000540                strlen
 *fill*         0x0800061c        0x4 
 .text          0x08000620       0xa0 c:/ide/arm/10-2021-07/bin/../lib/gcc/arm-none-eabi/10.3.1/../../../../arm-none-eabi/lib/thumb/v7e-m/nofp\libg.a(lib_a-memchr.o)
                0x08000620                memchr
 .text          0x080006c0      0x134 c:/ide/arm/10-2021-07/bin/../lib/gcc/arm-none-eabi/10.3.1/../../../../arm-none-eabi/lib/thumb/v7e-m/nofp\libg.a(lib_a-memcpy.o)
                0x080006c0                memcpy
 .text          0x080007f4      0x378 c:/ide/arm/10-2021-07/bin/../lib/gcc/arm-none-eabi/10.3.1/thumb/v7e-m/nofp\libgcc.a(_arm_addsubdf3.o)
                0x080007f4                __aeabi_drsub
                0x080007fc                __aeabi_dsub
                0x080007fc                __subdf3
                0x08000800                __aeabi_dadd
                0x08000800                __adddf3
                0x08000a78                __floatunsidf
                0x08000a78                __aeabi_ui2d
                0x08000a98                __floatsidf
                0x08000a98                __aeabi_i2d
                0x08000abc                __aeabi_f2d
                0x08000abc                __extendsfdf2
                0x08000b00                __floatundidf
                0x08000b00                __aeabi_ul2d
                0x08000b10                __floatdidf
                0x08000b10                __aeabi_l2d
 .text          0x08000b6c      0x424 c:/ide/arm/10-2021-07/bin/../lib/gcc/arm-none-eabi/10.3.1/thumb/v7e-m/nofp\libgcc.a(_arm_muldivdf3.o)
                0x08000b6c                __aeabi_dmul
                0x08000b6c                __muldf3
                0x08000dc0                __divdf3
                0x08000dc0                __aeabi_ddiv
 .text          0x08000f90      0x110 c:/ide/arm/10-2021-07/bin/../lib/gcc/arm-none-eabi/10.3.1/thumb/v7e-m/nofp\libgcc.a(_arm_cmpdf2.o)
                0x08000f90                __gtdf2
                0x08000f90                __gedf2
                0x08000f98                __ltdf2
                0x08000f98                __ledf2
                0x08000fa0                __nedf2
                0x08000fa0                __eqdf2
                0x08000fa0                __cmpdf2
                0x0800101c                __aeabi_cdrcmple
                0x0800102c                __aeabi_cdcmpeq
                0x0800102c                __aeabi_cdcmple
                0x0800103c                __aeabi_dcmpeq
                0x08001050                __aeabi_dcmplt
                0x08001064                __aeabi_dcmple
                0x08001078                __aeabi_dcmpge
                0x0800108c                __aeabi_dcmpgt
 .text          0x080010a0       0x2c c:/ide/arm/10-2021-07/bin/../lib/gcc/arm-none-eabi/10.3.1/thumb/v7e-m/nofp\libgcc.a(_arm_unorddf2.o)
                0x080010a0                __unorddf2
                0x080010a0                __aeabi_dcmpun
 .text          0x080010cc       0x50 c:/ide/arm/10-2021-07/bin/../lib/gcc/arm-none-eabi/10.3.1/thumb/v7e-m/nofp\libgcc.a(_arm_fixdfsi.o)
                0x080010cc                __aeabi_d2iz
                0x080010cc                __fixdfsi
 *(.text*)
 .text.MX_GPIO_Init
                0x0800111c      0x188 CMakeFiles/stm32_usb_gamepad.elf.dir/Core/Src/main.c.obj
 .text.__io_putchar
                0x080012a4       0x18 CMakeFiles/stm32_usb_gamepad.elf.dir/Core/Src/main.c.obj
                0x080012a4                __io_putchar
 .text.USBH_HID_EventCallback
                0x080012bc       0xa8 CMakeFiles/stm32_usb_gamepad.elf.dir/Core/Src/main.c.obj
                0x080012bc                USBH_HID_EventCallback
 .text.Error_Handler
                0x08001364        0x4 CMakeFiles/stm32_usb_gamepad.elf.dir/Core/Src/main.c.obj
                0x08001364                Error_Handler
 .text.MX_I2C1_Init
                0x08001368       0x38 CMakeFiles/stm32_usb_gamepad.elf.dir/Core/Src/main.c.obj
 .text.MX_I2S3_Init
                0x080013a0       0x38 CMakeFiles/stm32_usb_gamepad.elf.dir/Core/Src/main.c.obj
 .text.MX_SPI1_Init
                0x080013d8       0x40 CMakeFiles/stm32_usb_gamepad.elf.dir/Core/Src/main.c.obj
 .text.MX_USART2_UART_Init
                0x08001418       0x34 CMakeFiles/stm32_usb_gamepad.elf.dir/Core/Src/main.c.obj
 .text.SystemClock_Config
                0x0800144c       0xac CMakeFiles/stm32_usb_gamepad.elf.dir/Core/Src/main.c.obj
                0x0800144c                SystemClock_Config
 .text.main     0x080014f8       0x28 CMakeFiles/stm32_usb_gamepad.elf.dir/Core/Src/main.c.obj
                0x080014f8                main
 .text.HAL_MspInit
                0x08001520       0x40 CMakeFiles/stm32_usb_gamepad.elf.dir/Core/Src/stm32f4xx_hal_msp.c.obj
                0x08001520                HAL_MspInit
 .text.HAL_I2C_MspInit
                0x08001560       0x70 CMakeFiles/stm32_usb_gamepad.elf.dir/Core/Src/stm32f4xx_hal_msp.c.obj
                0x08001560                HAL_I2C_MspInit
 .text.HAL_I2S_MspInit
                0x080015d0       0xc0 CMakeFiles/stm32_usb_gamepad.elf.dir/Core/Src/stm32f4xx_hal_msp.c.obj
                0x080015d0                HAL_I2S_MspInit
 .text.HAL_SPI_MspInit
                0x08001690       0x6c CMakeFiles/stm32_usb_gamepad.elf.dir/Core/Src/stm32f4xx_hal_msp.c.obj
                0x08001690                HAL_SPI_MspInit
 .text.HAL_UART_MspInit
                0x080016fc       0x70 CMakeFiles/stm32_usb_gamepad.elf.dir/Core/Src/stm32f4xx_hal_msp.c.obj
                0x080016fc                HAL_UART_MspInit
 .text.NMI_Handler
                0x0800176c        0x2 CMakeFiles/stm32_usb_gamepad.elf.dir/Core/Src/stm32f4xx_it.c.obj
                0x0800176c                NMI_Handler
 .text.HardFault_Handler
                0x0800176e        0x2 CMakeFiles/stm32_usb_gamepad.elf.dir/Core/Src/stm32f4xx_it.c.obj
                0x0800176e                HardFault_Handler
 .text.MemManage_Handler
                0x08001770        0x2 CMakeFiles/stm32_usb_gamepad.elf.dir/Core/Src/stm32f4xx_it.c.obj
                0x08001770                MemManage_Handler
 .text.BusFault_Handler
                0x08001772        0x2 CMakeFiles/stm32_usb_gamepad.elf.dir/Core/Src/stm32f4xx_it.c.obj
                0x08001772                BusFault_Handler
 .text.UsageFault_Handler
                0x08001774        0x2 CMakeFiles/stm32_usb_gamepad.elf.dir/Core/Src/stm32f4xx_it.c.obj
                0x08001774                UsageFault_Handler
 .text.SVC_Handler
                0x08001776        0x2 CMakeFiles/stm32_usb_gamepad.elf.dir/Core/Src/stm32f4xx_it.c.obj
                0x08001776                SVC_Handler
 .text.DebugMon_Handler
                0x08001778        0x2 CMakeFiles/stm32_usb_gamepad.elf.dir/Core/Src/stm32f4xx_it.c.obj
                0x08001778                DebugMon_Handler
 .text.PendSV_Handler
                0x0800177a        0x2 CMakeFiles/stm32_usb_gamepad.elf.dir/Core/Src/stm32f4xx_it.c.obj
                0x0800177a                PendSV_Handler
 .text.SysTick_Handler
                0x0800177c        0x8 CMakeFiles/stm32_usb_gamepad.elf.dir/Core/Src/stm32f4xx_it.c.obj
                0x0800177c                SysTick_Handler
 .text.OTG_FS_IRQHandler
                0x08001784       0x10 CMakeFiles/stm32_usb_gamepad.elf.dir/Core/Src/stm32f4xx_it.c.obj
                0x08001784                OTG_FS_IRQHandler
 .text._getpid  0x08001794        0x4 CMakeFiles/stm32_usb_gamepad.elf.dir/Core/Src/syscalls.c.obj
                0x08001794                _getpid
 .text._kill    0x08001798       0x10 CMakeFiles/stm32_usb_gamepad.elf.dir/Core/Src/syscalls.c.obj
                0x08001798                _kill
 .text._exit    0x080017a8        0xc CMakeFiles/stm32_usb_gamepad.elf.dir/Core/Src/syscalls.c.obj
                0x080017a8                _exit
 .text._read    0x080017b4       0x20 CMakeFiles/stm32_usb_gamepad.elf.dir/Core/Src/syscalls.c.obj
                0x080017b4                _read
 .text._write   0x080017d4       0x1c CMakeFiles/stm32_usb_gamepad.elf.dir/Core/Src/syscalls.c.obj
                0x080017d4                _write
 .text._sbrk    0x080017f0       0x3c CMakeFiles/stm32_usb_gamepad.elf.dir/Core/Src/syscalls.c.obj
                0x080017f0                _sbrk
 .text._close   0x0800182c        0x6 CMakeFiles/stm32_usb_gamepad.elf.dir/Core/Src/syscalls.c.obj
                0x0800182c                _close
 .text._fstat   0x08001832        0xa CMakeFiles/stm32_usb_gamepad.elf.dir/Core/Src/syscalls.c.obj
                0x08001832                _fstat
 .text._isatty  0x0800183c        0x4 CMakeFiles/stm32_usb_gamepad.elf.dir/Core/Src/syscalls.c.obj
                0x0800183c                _isatty
 .text._lseek   0x08001840        0x4 CMakeFiles/stm32_usb_gamepad.elf.dir/Core/Src/syscalls.c.obj
                0x08001840                _lseek
 .text.SystemInit
                0x08001844        0x2 CMakeFiles/stm32_usb_gamepad.elf.dir/Core/Src/system_stm32f4xx.c.obj
                0x08001844                SystemInit
 *fill*         0x08001846        0x2 
 .text.HAL_InitTick
                0x08001848       0x4c CMakeFiles/stm32_usb_gamepad.elf.dir/Drivers/STM32F4xx_HAL_Driver/Src/stm32f4xx_hal.c.obj
                0x08001848                HAL_InitTick
 .text.HAL_Init
                0x08001894       0x34 CMakeFiles/stm32_usb_gamepad.elf.dir/Drivers/STM32F4xx_HAL_Driver/Src/stm32f4xx_hal.c.obj
                0x08001894                HAL_Init
 .text.HAL_IncTick
                0x080018c8       0x18 CMakeFiles/stm32_usb_gamepad.elf.dir/Drivers/STM32F4xx_HAL_Driver/Src/stm32f4xx_hal.c.obj
                0x080018c8                HAL_IncTick
 .text.HAL_GetTick
                0x080018e0        0xc CMakeFiles/stm32_usb_gamepad.elf.dir/Drivers/STM32F4xx_HAL_Driver/Src/stm32f4xx_hal.c.obj
                0x080018e0                HAL_GetTick
 .text.HAL_Delay
                0x080018ec       0x28 CMakeFiles/stm32_usb_gamepad.elf.dir/Drivers/STM32F4xx_HAL_Driver/Src/stm32f4xx_hal.c.obj
                0x080018ec                HAL_Delay
 .text.HAL_NVIC_SetPriorityGrouping
                0x08001914       0x24 CMakeFiles/stm32_usb_gamepad.elf.dir/Drivers/STM32F4xx_HAL_Driver/Src/stm32f4xx_hal_cortex.c.obj
                0x08001914                HAL_NVIC_SetPriorityGrouping
 .text.HAL_NVIC_SetPriority
                0x08001938       0x70 CMakeFiles/stm32_usb_gamepad.elf.dir/Drivers/STM32F4xx_HAL_Driver/Src/stm32f4xx_hal_cortex.c.obj
                0x08001938                HAL_NVIC_SetPriority
 .text.HAL_NVIC_EnableIRQ
                0x080019a8       0x1c CMakeFiles/stm32_usb_gamepad.elf.dir/Drivers/STM32F4xx_HAL_Driver/Src/stm32f4xx_hal_cortex.c.obj
                0x080019a8                HAL_NVIC_EnableIRQ
 .text.HAL_SYSTICK_Config
                0x080019c4       0x28 CMakeFiles/stm32_usb_gamepad.elf.dir/Drivers/STM32F4xx_HAL_Driver/Src/stm32f4xx_hal_cortex.c.obj
                0x080019c4                HAL_SYSTICK_Config
 .text.HAL_GPIO_Init
                0x080019ec      0x1e4 CMakeFiles/stm32_usb_gamepad.elf.dir/Drivers/STM32F4xx_HAL_Driver/Src/stm32f4xx_hal_gpio.c.obj
                0x080019ec                HAL_GPIO_Init
 .text.HAL_GPIO_WritePin
                0x08001bd0        0xc CMakeFiles/stm32_usb_gamepad.elf.dir/Drivers/STM32F4xx_HAL_Driver/Src/stm32f4xx_hal_gpio.c.obj
                0x08001bd0                HAL_GPIO_WritePin
 .text.HCD_RXQLVL_IRQHandler
                0x08001bdc       0x9e CMakeFiles/stm32_usb_gamepad.elf.dir/Drivers/STM32F4xx_HAL_Driver/Src/stm32f4xx_hal_hcd.c.obj
 .text.HAL_HCD_HC_Init
                0x08001c7a       0x8e CMakeFiles/stm32_usb_gamepad.elf.dir/Drivers/STM32F4xx_HAL_Driver/Src/stm32f4xx_hal_hcd.c.obj
                0x08001c7a                HAL_HCD_HC_Init
 .text.HAL_HCD_HC_Halt
                0x08001d08       0x24 CMakeFiles/stm32_usb_gamepad.elf.dir/Drivers/STM32F4xx_HAL_Driver/Src/stm32f4xx_hal_hcd.c.obj
                0x08001d08                HAL_HCD_HC_Halt
 .text.HAL_HCD_Init
                0x08001d2c       0xa4 CMakeFiles/stm32_usb_gamepad.elf.dir/Drivers/STM32F4xx_HAL_Driver/Src/stm32f4xx_hal_hcd.c.obj
                0x08001d2c                HAL_HCD_Init
 .text.HAL_HCD_HC_SubmitRequest
                0x08001dd0      0x164 CMakeFiles/stm32_usb_gamepad.elf.dir/Drivers/STM32F4xx_HAL_Driver/Src/stm32f4xx_hal_hcd.c.obj
                0x08001dd0                HAL_HCD_HC_SubmitRequest
 .text.HCD_Port_IRQHandler
                0x08001f34       0xb0 CMakeFiles/stm32_usb_gamepad.elf.dir/Drivers/STM32F4xx_HAL_Driver/Src/stm32f4xx_hal_hcd.c.obj
 .text.HCD_HC_IN_IRQHandler
                0x08001fe4      0x324 CMakeFiles/stm32_usb_gamepad.elf.dir/Drivers/STM32F4xx_HAL_Driver/Src/stm32f4xx_hal_hcd.c.obj
 .text.HCD_HC_OUT_IRQHandler
                0x08002308      0x30a CMakeFiles/stm32_usb_gamepad.elf.dir/Drivers/STM32F4xx_HAL_Driver/Src/stm32f4xx_hal_hcd.c.obj
 .text.HAL_HCD_IRQHandler
                0x08002612      0x154 CMakeFiles/stm32_usb_gamepad.elf.dir/Drivers/STM32F4xx_HAL_Driver/Src/stm32f4xx_hal_hcd.c.obj
                0x08002612                HAL_HCD_IRQHandler
 .text.HAL_HCD_Start
                0x08002766       0x2a CMakeFiles/stm32_usb_gamepad.elf.dir/Drivers/STM32F4xx_HAL_Driver/Src/stm32f4xx_hal_hcd.c.obj
                0x08002766                HAL_HCD_Start
 .text.HAL_HCD_Stop
                0x08002790       0x24 CMakeFiles/stm32_usb_gamepad.elf.dir/Drivers/STM32F4xx_HAL_Driver/Src/stm32f4xx_hal_hcd.c.obj
                0x08002790                HAL_HCD_Stop
 .text.HAL_HCD_ResetPort
                0x080027b4        0xa CMakeFiles/stm32_usb_gamepad.elf.dir/Drivers/STM32F4xx_HAL_Driver/Src/stm32f4xx_hal_hcd.c.obj
                0x080027b4                HAL_HCD_ResetPort
 .text.HAL_HCD_HC_GetURBState
                0x080027be        0xc CMakeFiles/stm32_usb_gamepad.elf.dir/Drivers/STM32F4xx_HAL_Driver/Src/stm32f4xx_hal_hcd.c.obj
                0x080027be                HAL_HCD_HC_GetURBState
 .text.HAL_HCD_HC_GetXferCount
                0x080027ca        0xa CMakeFiles/stm32_usb_gamepad.elf.dir/Drivers/STM32F4xx_HAL_Driver/Src/stm32f4xx_hal_hcd.c.obj
                0x080027ca                HAL_HCD_HC_GetXferCount
 .text.HAL_HCD_GetCurrentFrame
                0x080027d4        0xa CMakeFiles/stm32_usb_gamepad.elf.dir/Drivers/STM32F4xx_HAL_Driver/Src/stm32f4xx_hal_hcd.c.obj
                0x080027d4                HAL_HCD_GetCurrentFrame
 .text.HAL_HCD_GetCurrentSpeed
                0x080027de        0xa CMakeFiles/stm32_usb_gamepad.elf.dir/Drivers/STM32F4xx_HAL_Driver/Src/stm32f4xx_hal_hcd.c.obj
                0x080027de                HAL_HCD_GetCurrentSpeed
 .text.HAL_I2C_Init
                0x080027e8      0x1bc CMakeFiles/stm32_usb_gamepad.elf.dir/Drivers/STM32F4xx_HAL_Driver/Src/stm32f4xx_hal_i2c.c.obj
                0x080027e8                HAL_I2C_Init
 .text.HAL_I2S_Init
                0x080029a4      0x19c CMakeFiles/stm32_usb_gamepad.elf.dir/Drivers/STM32F4xx_HAL_Driver/Src/stm32f4xx_hal_i2s.c.obj
                0x080029a4                HAL_I2S_Init
 .text.HAL_I2S_TxCpltCallback
                0x08002b40        0x2 CMakeFiles/stm32_usb_gamepad.elf.dir/Drivers/STM32F4xx_HAL_Driver/Src/stm32f4xx_hal_i2s.c.obj
                0x08002b40                HAL_I2S_TxCpltCallback
 .text.I2S_Transmit_IT
                0x08002b42       0x38 CMakeFiles/stm32_usb_gamepad.elf.dir/Drivers/STM32F4xx_HAL_Driver/Src/stm32f4xx_hal_i2s.c.obj
 .text.HAL_I2S_RxCpltCallback
                0x08002b7a        0x2 CMakeFiles/stm32_usb_gamepad.elf.dir/Drivers/STM32F4xx_HAL_Driver/Src/stm32f4xx_hal_i2s.c.obj
                0x08002b7a                HAL_I2S_RxCpltCallback
 .text.I2S_Receive_IT
                0x08002b7c       0x38 CMakeFiles/stm32_usb_gamepad.elf.dir/Drivers/STM32F4xx_HAL_Driver/Src/stm32f4xx_hal_i2s.c.obj
 .text.HAL_I2S_ErrorCallback
                0x08002bb4        0x2 CMakeFiles/stm32_usb_gamepad.elf.dir/Drivers/STM32F4xx_HAL_Driver/Src/stm32f4xx_hal_i2s.c.obj
                0x08002bb4                HAL_I2S_ErrorCallback
 .text.I2S_IRQHandler
                0x08002bb6       0xd0 CMakeFiles/stm32_usb_gamepad.elf.dir/Drivers/STM32F4xx_HAL_Driver/Src/stm32f4xx_hal_i2s.c.obj
 .text.HAL_I2SEx_TxRxCpltCallback
                0x08002c86        0x2 CMakeFiles/stm32_usb_gamepad.elf.dir/Drivers/STM32F4xx_HAL_Driver/Src/stm32f4xx_hal_i2s_ex.c.obj
                0x08002c86                HAL_I2SEx_TxRxCpltCallback
 .text.I2SEx_TxISR_I2S
                0x08002c88       0x3c CMakeFiles/stm32_usb_gamepad.elf.dir/Drivers/STM32F4xx_HAL_Driver/Src/stm32f4xx_hal_i2s_ex.c.obj
 .text.I2SEx_RxISR_I2SExt
                0x08002cc4       0x64 CMakeFiles/stm32_usb_gamepad.elf.dir/Drivers/STM32F4xx_HAL_Driver/Src/stm32f4xx_hal_i2s_ex.c.obj
 .text.I2SEx_TxISR_I2SExt
                0x08002d28       0x64 CMakeFiles/stm32_usb_gamepad.elf.dir/Drivers/STM32F4xx_HAL_Driver/Src/stm32f4xx_hal_i2s_ex.c.obj
 .text.I2SEx_RxISR_I2S
                0x08002d8c       0x3c CMakeFiles/stm32_usb_gamepad.elf.dir/Drivers/STM32F4xx_HAL_Driver/Src/stm32f4xx_hal_i2s_ex.c.obj
 .text.HAL_I2SEx_FullDuplex_IRQHandler
                0x08002dc8      0x1d8 CMakeFiles/stm32_usb_gamepad.elf.dir/Drivers/STM32F4xx_HAL_Driver/Src/stm32f4xx_hal_i2s_ex.c.obj
                0x08002dc8                HAL_I2SEx_FullDuplex_IRQHandler
 .text.HAL_RCC_OscConfig
                0x08002fa0      0x3f8 CMakeFiles/stm32_usb_gamepad.elf.dir/Drivers/STM32F4xx_HAL_Driver/Src/stm32f4xx_hal_rcc.c.obj
                0x08002fa0                HAL_RCC_OscConfig
 .text.HAL_RCC_GetSysClockFreq
                0x08003398       0xd4 CMakeFiles/stm32_usb_gamepad.elf.dir/Drivers/STM32F4xx_HAL_Driver/Src/stm32f4xx_hal_rcc.c.obj
                0x08003398                HAL_RCC_GetSysClockFreq
 .text.HAL_RCC_ClockConfig
                0x0800346c      0x160 CMakeFiles/stm32_usb_gamepad.elf.dir/Drivers/STM32F4xx_HAL_Driver/Src/stm32f4xx_hal_rcc.c.obj
                0x0800346c                HAL_RCC_ClockConfig
 .text.HAL_RCC_GetHCLKFreq
                0x080035cc        0xc CMakeFiles/stm32_usb_gamepad.elf.dir/Drivers/STM32F4xx_HAL_Driver/Src/stm32f4xx_hal_rcc.c.obj
                0x080035cc                HAL_RCC_GetHCLKFreq
 .text.HAL_RCC_GetPCLK1Freq
                0x080035d8       0x20 CMakeFiles/stm32_usb_gamepad.elf.dir/Drivers/STM32F4xx_HAL_Driver/Src/stm32f4xx_hal_rcc.c.obj
                0x080035d8                HAL_RCC_GetPCLK1Freq
 .text.HAL_RCC_GetPCLK2Freq
                0x080035f8       0x20 CMakeFiles/stm32_usb_gamepad.elf.dir/Drivers/STM32F4xx_HAL_Driver/Src/stm32f4xx_hal_rcc.c.obj
                0x080035f8                HAL_RCC_GetPCLK2Freq
 .text.HAL_RCCEx_PeriphCLKConfig
                0x08003618      0x154 CMakeFiles/stm32_usb_gamepad.elf.dir/Drivers/STM32F4xx_HAL_Driver/Src/stm32f4xx_hal_rcc_ex.c.obj
                0x08003618                HAL_RCCEx_PeriphCLKConfig
 .text.HAL_RCCEx_GetPeriphCLKFreq
                0x0800376c       0x74 CMakeFiles/stm32_usb_gamepad.elf.dir/Drivers/STM32F4xx_HAL_Driver/Src/stm32f4xx_hal_rcc_ex.c.obj
                0x0800376c                HAL_RCCEx_GetPeriphCLKFreq
 .text.HAL_SPI_Init
                0x080037e0       0xbe CMakeFiles/stm32_usb_gamepad.elf.dir/Drivers/STM32F4xx_HAL_Driver/Src/stm32f4xx_hal_spi.c.obj
                0x080037e0                HAL_SPI_Init
 *fill*         0x0800389e        0x2 
 .text.UART_SetConfig
                0x080038a0      0x110 CMakeFiles/stm32_usb_gamepad.elf.dir/Drivers/STM32F4xx_HAL_Driver/Src/stm32f4xx_hal_uart.c.obj
 .text.HAL_UART_Init
                0x080039b0       0x5e CMakeFiles/stm32_usb_gamepad.elf.dir/Drivers/STM32F4xx_HAL_Driver/Src/stm32f4xx_hal_uart.c.obj
                0x080039b0                HAL_UART_Init
 *fill*         0x08003a0e        0x2 
 .text.USB_CoreReset
                0x08003a10       0x4c CMakeFiles/stm32_usb_gamepad.elf.dir/Drivers/STM32F4xx_HAL_Driver/Src/stm32f4xx_ll_usb.c.obj
 .text.USB_CoreInit
                0x08003a5c       0x8a CMakeFiles/stm32_usb_gamepad.elf.dir/Drivers/STM32F4xx_HAL_Driver/Src/stm32f4xx_ll_usb.c.obj
                0x08003a5c                USB_CoreInit
 .text.USB_EnableGlobalInt
                0x08003ae6        0xc CMakeFiles/stm32_usb_gamepad.elf.dir/Drivers/STM32F4xx_HAL_Driver/Src/stm32f4xx_ll_usb.c.obj
                0x08003ae6                USB_EnableGlobalInt
 .text.USB_DisableGlobalInt
                0x08003af2        0xc CMakeFiles/stm32_usb_gamepad.elf.dir/Drivers/STM32F4xx_HAL_Driver/Src/stm32f4xx_ll_usb.c.obj
                0x08003af2                USB_DisableGlobalInt
 *fill*         0x08003afe        0x2 
 .text.USB_FlushTxFifo
                0x08003b00       0x30 CMakeFiles/stm32_usb_gamepad.elf.dir/Drivers/STM32F4xx_HAL_Driver/Src/stm32f4xx_ll_usb.c.obj
                0x08003b00                USB_FlushTxFifo
 .text.USB_FlushRxFifo
                0x08003b30       0x2c CMakeFiles/stm32_usb_gamepad.elf.dir/Drivers/STM32F4xx_HAL_Driver/Src/stm32f4xx_ll_usb.c.obj
                0x08003b30                USB_FlushRxFifo
 .text.USB_WritePacket
                0x08003b5c       0x2e CMakeFiles/stm32_usb_gamepad.elf.dir/Drivers/STM32F4xx_HAL_Driver/Src/stm32f4xx_ll_usb.c.obj
                0x08003b5c                USB_WritePacket
 .text.USB_ReadPacket
                0x08003b8a       0x54 CMakeFiles/stm32_usb_gamepad.elf.dir/Drivers/STM32F4xx_HAL_Driver/Src/stm32f4xx_ll_usb.c.obj
                0x08003b8a                USB_ReadPacket
 .text.USB_ReadInterrupts
                0x08003bde        0x8 CMakeFiles/stm32_usb_gamepad.elf.dir/Drivers/STM32F4xx_HAL_Driver/Src/stm32f4xx_ll_usb.c.obj
                0x08003bde                USB_ReadInterrupts
 .text.USB_GetMode
                0x08003be6        0x8 CMakeFiles/stm32_usb_gamepad.elf.dir/Drivers/STM32F4xx_HAL_Driver/Src/stm32f4xx_ll_usb.c.obj
                0x08003be6                USB_GetMode
 .text.USB_SetCurrentMode
                0x08003bee       0x62 CMakeFiles/stm32_usb_gamepad.elf.dir/Drivers/STM32F4xx_HAL_Driver/Src/stm32f4xx_ll_usb.c.obj
                0x08003bee                USB_SetCurrentMode
 .text.USB_HostInit
                0x08003c50       0xec CMakeFiles/stm32_usb_gamepad.elf.dir/Drivers/STM32F4xx_HAL_Driver/Src/stm32f4xx_ll_usb.c.obj
                0x08003c50                USB_HostInit
 .text.USB_InitFSLSPClkSel
                0x08003d3c       0x3e CMakeFiles/stm32_usb_gamepad.elf.dir/Drivers/STM32F4xx_HAL_Driver/Src/stm32f4xx_ll_usb.c.obj
                0x08003d3c                USB_InitFSLSPClkSel
 .text.USB_ResetPort
                0x08003d7a       0x3e CMakeFiles/stm32_usb_gamepad.elf.dir/Drivers/STM32F4xx_HAL_Driver/Src/stm32f4xx_ll_usb.c.obj
                0x08003d7a                USB_ResetPort
 .text.USB_DriveVbus
                0x08003db8       0x46 CMakeFiles/stm32_usb_gamepad.elf.dir/Drivers/STM32F4xx_HAL_Driver/Src/stm32f4xx_ll_usb.c.obj
                0x08003db8                USB_DriveVbus
 .text.USB_GetHostSpeed
                0x08003dfe       0x16 CMakeFiles/stm32_usb_gamepad.elf.dir/Drivers/STM32F4xx_HAL_Driver/Src/stm32f4xx_ll_usb.c.obj
                0x08003dfe                USB_GetHostSpeed
 .text.USB_GetCurrentFrame
                0x08003e14        0xa CMakeFiles/stm32_usb_gamepad.elf.dir/Drivers/STM32F4xx_HAL_Driver/Src/stm32f4xx_ll_usb.c.obj
                0x08003e14                USB_GetCurrentFrame
 .text.USB_HC_Init
                0x08003e1e      0x11e CMakeFiles/stm32_usb_gamepad.elf.dir/Drivers/STM32F4xx_HAL_Driver/Src/stm32f4xx_ll_usb.c.obj
                0x08003e1e                USB_HC_Init
 .text.USB_HC_ReadInterrupt
                0x08003f3c        0xa CMakeFiles/stm32_usb_gamepad.elf.dir/Drivers/STM32F4xx_HAL_Driver/Src/stm32f4xx_ll_usb.c.obj
                0x08003f3c                USB_HC_ReadInterrupt
 .text.USB_HC_Halt
                0x08003f46       0xe4 CMakeFiles/stm32_usb_gamepad.elf.dir/Drivers/STM32F4xx_HAL_Driver/Src/stm32f4xx_ll_usb.c.obj
                0x08003f46                USB_HC_Halt
 *fill*         0x0800402a        0x2 
 .text.USB_DoPing
                0x0800402c       0x24 CMakeFiles/stm32_usb_gamepad.elf.dir/Drivers/STM32F4xx_HAL_Driver/Src/stm32f4xx_ll_usb.c.obj
                0x0800402c                USB_DoPing
 .text.USB_HC_StartXfer
                0x08004050      0x16c CMakeFiles/stm32_usb_gamepad.elf.dir/Drivers/STM32F4xx_HAL_Driver/Src/stm32f4xx_ll_usb.c.obj
                0x08004050                USB_HC_StartXfer
 .text.USB_StopHost
                0x080041bc       0x7c CMakeFiles/stm32_usb_gamepad.elf.dir/Drivers/STM32F4xx_HAL_Driver/Src/stm32f4xx_ll_usb.c.obj
                0x080041bc                USB_StopHost
 .text.USBH_HID_SOFProcess
                0x08004238       0x24 CMakeFiles/stm32_usb_gamepad.elf.dir/Middlewares/ST/STM32_USB_Host_Library/Class/HID/Src/usbh_hid.c.obj
 .text.USBH_HID_ParseHIDDesc
                0x0800425c       0x5c CMakeFiles/stm32_usb_gamepad.elf.dir/Middlewares/ST/STM32_USB_Host_Library/Class/HID/Src/usbh_hid.c.obj
 .text.USBH_HID_InterfaceDeInit
                0x080042b8       0x50 CMakeFiles/stm32_usb_gamepad.elf.dir/Middlewares/ST/STM32_USB_Host_Library/Class/HID/Src/usbh_hid.c.obj
 .text.USBH_HID_InterfaceInit
                0x08004308      0x1d8 CMakeFiles/stm32_usb_gamepad.elf.dir/Middlewares/ST/STM32_USB_Host_Library/Class/HID/Src/usbh_hid.c.obj
 .text.USBH_HID_GetHIDReportDescriptor
                0x080044e0       0x1a CMakeFiles/stm32_usb_gamepad.elf.dir/Middlewares/ST/STM32_USB_Host_Library/Class/HID/Src/usbh_hid.c.obj
                0x080044e0                USBH_HID_GetHIDReportDescriptor
 .text.USBH_HID_SetIdle
                0x080044fa       0x26 CMakeFiles/stm32_usb_gamepad.elf.dir/Middlewares/ST/STM32_USB_Host_Library/Class/HID/Src/usbh_hid.c.obj
                0x080044fa                USBH_HID_SetIdle
 .text.USBH_HID_GetReport
                0x08004520       0x2a CMakeFiles/stm32_usb_gamepad.elf.dir/Middlewares/ST/STM32_USB_Host_Library/Class/HID/Src/usbh_hid.c.obj
                0x08004520                USBH_HID_GetReport
 .text.USBH_HID_SetProtocol
                0x0800454a       0x24 CMakeFiles/stm32_usb_gamepad.elf.dir/Middlewares/ST/STM32_USB_Host_Library/Class/HID/Src/usbh_hid.c.obj
                0x0800454a                USBH_HID_SetProtocol
 *fill*         0x0800456e        0x2 
 .text.USBH_HID_ClassRequest
                0x08004570       0xc8 CMakeFiles/stm32_usb_gamepad.elf.dir/Middlewares/ST/STM32_USB_Host_Library/Class/HID/Src/usbh_hid.c.obj
 .text.USBH_HID_GetDeviceType
                0x08004638       0x32 CMakeFiles/stm32_usb_gamepad.elf.dir/Middlewares/ST/STM32_USB_Host_Library/Class/HID/Src/usbh_hid.c.obj
                0x08004638                USBH_HID_GetDeviceType
 .text.USBH_HID_FifoInit
                0x0800466a        0xe CMakeFiles/stm32_usb_gamepad.elf.dir/Middlewares/ST/STM32_USB_Host_Library/Class/HID/Src/usbh_hid.c.obj
                0x0800466a                USBH_HID_FifoInit
 .text.USBH_HID_FifoRead
                0x08004678       0x62 CMakeFiles/stm32_usb_gamepad.elf.dir/Middlewares/ST/STM32_USB_Host_Library/Class/HID/Src/usbh_hid.c.obj
                0x08004678                USBH_HID_FifoRead
 .text.USBH_HID_FifoWrite
                0x080046da       0x68 CMakeFiles/stm32_usb_gamepad.elf.dir/Middlewares/ST/STM32_USB_Host_Library/Class/HID/Src/usbh_hid.c.obj
                0x080046da                USBH_HID_FifoWrite
 .text.USBH_HID_Process
                0x08004742       0xfa CMakeFiles/stm32_usb_gamepad.elf.dir/Middlewares/ST/STM32_USB_Host_Library/Class/HID/Src/usbh_hid.c.obj
 .text.USBH_HID_GamepadDecode
                0x0800483c       0x44 CMakeFiles/stm32_usb_gamepad.elf.dir/Middlewares/ST/STM32_USB_Host_Library/Class/HID/Src/usbh_hid_gamepad.c.obj
 .text.USBH_HID_GamepadInit
                0x08004880       0x58 CMakeFiles/stm32_usb_gamepad.elf.dir/Middlewares/ST/STM32_USB_Host_Library/Class/HID/Src/usbh_hid_gamepad.c.obj
                0x08004880                USBH_HID_GamepadInit
 .text.USBH_HID_GetGamepadInfo
                0x080048d8       0x14 CMakeFiles/stm32_usb_gamepad.elf.dir/Middlewares/ST/STM32_USB_Host_Library/Class/HID/Src/usbh_hid_gamepad.c.obj
                0x080048d8                USBH_HID_GetGamepadInfo
 .text.USBH_HID_KeybdDecode
                0x080048ec       0xc4 CMakeFiles/stm32_usb_gamepad.elf.dir/Middlewares/ST/STM32_USB_Host_Library/Class/HID/Src/usbh_hid_keybd.c.obj
 .text.USBH_HID_KeybdInit
                0x080049b0       0x60 CMakeFiles/stm32_usb_gamepad.elf.dir/Middlewares/ST/STM32_USB_Host_Library/Class/HID/Src/usbh_hid_keybd.c.obj
                0x080049b0                USBH_HID_KeybdInit
 .text.USBH_HID_GetKeybdInfo
                0x08004a10       0x14 CMakeFiles/stm32_usb_gamepad.elf.dir/Middlewares/ST/STM32_USB_Host_Library/Class/HID/Src/usbh_hid_keybd.c.obj
                0x08004a10                USBH_HID_GetKeybdInfo
 .text.USBH_HID_GetASCIICode
                0x08004a24       0x30 CMakeFiles/stm32_usb_gamepad.elf.dir/Middlewares/ST/STM32_USB_Host_Library/Class/HID/Src/usbh_hid_keybd.c.obj
                0x08004a24                USBH_HID_GetASCIICode
 .text.USBH_HID_MouseDecode
                0x08004a54       0x78 CMakeFiles/stm32_usb_gamepad.elf.dir/Middlewares/ST/STM32_USB_Host_Library/Class/HID/Src/usbh_hid_mouse.c.obj
 .text.USBH_HID_MouseInit
                0x08004acc       0x58 CMakeFiles/stm32_usb_gamepad.elf.dir/Middlewares/ST/STM32_USB_Host_Library/Class/HID/Src/usbh_hid_mouse.c.obj
                0x08004acc                USBH_HID_MouseInit
 .text.USBH_HID_GetMouseInfo
                0x08004b24       0x14 CMakeFiles/stm32_usb_gamepad.elf.dir/Middlewares/ST/STM32_USB_Host_Library/Class/HID/Src/usbh_hid_mouse.c.obj
                0x08004b24                USBH_HID_GetMouseInfo
 .text.HID_ReadItem
                0x08004b38       0xa6 CMakeFiles/stm32_usb_gamepad.elf.dir/Middlewares/ST/STM32_USB_Host_Library/Class/HID/Src/usbh_hid_parser.c.obj
                0x08004b38                HID_ReadItem
 .text.DeInitStateMachine
                0x08004bde       0x62 CMakeFiles/stm32_usb_gamepad.elf.dir/Middlewares/ST/STM32_USB_Host_Library/Core/Src/usbh_core.c.obj
 .text.USBH_HandleSof
                0x08004c40       0x1a CMakeFiles/stm32_usb_gamepad.elf.dir/Middlewares/ST/STM32_USB_Host_Library/Core/Src/usbh_core.c.obj
 *fill*         0x08004c5a        0x2 
 .text.USBH_HandleEnum
                0x08004c5c      0x3ec CMakeFiles/stm32_usb_gamepad.elf.dir/Middlewares/ST/STM32_USB_Host_Library/Core/Src/usbh_core.c.obj
 .text.USBH_Init
                0x08005048       0x58 CMakeFiles/stm32_usb_gamepad.elf.dir/Middlewares/ST/STM32_USB_Host_Library/Core/Src/usbh_core.c.obj
                0x08005048                USBH_Init
 .text.USBH_RegisterClass
                0x080050a0       0x58 CMakeFiles/stm32_usb_gamepad.elf.dir/Middlewares/ST/STM32_USB_Host_Library/Core/Src/usbh_core.c.obj
                0x080050a0                USBH_RegisterClass
 .text.USBH_SelectInterface
                0x080050f8       0x88 CMakeFiles/stm32_usb_gamepad.elf.dir/Middlewares/ST/STM32_USB_Host_Library/Core/Src/usbh_core.c.obj
                0x080050f8                USBH_SelectInterface
 .text.USBH_FindInterface
                0x08005180       0x54 CMakeFiles/stm32_usb_gamepad.elf.dir/Middlewares/ST/STM32_USB_Host_Library/Core/Src/usbh_core.c.obj
                0x08005180                USBH_FindInterface
 .text.USBH_Start
                0x080051d4       0x14 CMakeFiles/stm32_usb_gamepad.elf.dir/Middlewares/ST/STM32_USB_Host_Library/Core/Src/usbh_core.c.obj
                0x080051d4                USBH_Start
 .text.USBH_Process
                0x080051e8      0x37c CMakeFiles/stm32_usb_gamepad.elf.dir/Middlewares/ST/STM32_USB_Host_Library/Core/Src/usbh_core.c.obj
                0x080051e8                USBH_Process
 .text.USBH_LL_SetTimer
                0x08005564        0x6 CMakeFiles/stm32_usb_gamepad.elf.dir/Middlewares/ST/STM32_USB_Host_Library/Core/Src/usbh_core.c.obj
                0x08005564                USBH_LL_SetTimer
 .text.USBH_LL_IncTimer
                0x0800556a       0x12 CMakeFiles/stm32_usb_gamepad.elf.dir/Middlewares/ST/STM32_USB_Host_Library/Core/Src/usbh_core.c.obj
                0x0800556a                USBH_LL_IncTimer
 .text.USBH_LL_PortEnabled
                0x0800557c        0x8 CMakeFiles/stm32_usb_gamepad.elf.dir/Middlewares/ST/STM32_USB_Host_Library/Core/Src/usbh_core.c.obj
                0x0800557c                USBH_LL_PortEnabled
 .text.USBH_LL_PortDisabled
                0x08005584        0x8 CMakeFiles/stm32_usb_gamepad.elf.dir/Middlewares/ST/STM32_USB_Host_Library/Core/Src/usbh_core.c.obj
                0x08005584                USBH_LL_PortDisabled
 .text.USBH_LL_Connect
                0x0800558c       0x14 CMakeFiles/stm32_usb_gamepad.elf.dir/Middlewares/ST/STM32_USB_Host_Library/Core/Src/usbh_core.c.obj
                0x0800558c                USBH_LL_Connect
 .text.USBH_LL_Disconnect
                0x080055a0       0x2c CMakeFiles/stm32_usb_gamepad.elf.dir/Middlewares/ST/STM32_USB_Host_Library/Core/Src/usbh_core.c.obj
                0x080055a0                USBH_LL_Disconnect
 .text.USBH_ParseDevDesc
                0x080055cc       0x58 CMakeFiles/stm32_usb_gamepad.elf.dir/Middlewares/ST/STM32_USB_Host_Library/Core/Src/usbh_ctlreq.c.obj
 .text.USBH_ParseInterfaceDesc
                0x08005624       0x26 CMakeFiles/stm32_usb_gamepad.elf.dir/Middlewares/ST/STM32_USB_Host_Library/Core/Src/usbh_ctlreq.c.obj
 .text.USBH_ParseEPDesc
                0x0800564a       0x20 CMakeFiles/stm32_usb_gamepad.elf.dir/Middlewares/ST/STM32_USB_Host_Library/Core/Src/usbh_ctlreq.c.obj
 .text.USBH_ParseStringDesc
                0x0800566a       0x32 CMakeFiles/stm32_usb_gamepad.elf.dir/Middlewares/ST/STM32_USB_Host_Library/Core/Src/usbh_ctlreq.c.obj
 .text.USBH_HandleControl
                0x0800569c      0x1f4 CMakeFiles/stm32_usb_gamepad.elf.dir/Middlewares/ST/STM32_USB_Host_Library/Core/Src/usbh_ctlreq.c.obj
 .text.USBH_GetNextDesc
                0x08005890        0xe CMakeFiles/stm32_usb_gamepad.elf.dir/Middlewares/ST/STM32_USB_Host_Library/Core/Src/usbh_ctlreq.c.obj
                0x08005890                USBH_GetNextDesc
 .text.USBH_ParseCfgDesc
                0x0800589e       0xc2 CMakeFiles/stm32_usb_gamepad.elf.dir/Middlewares/ST/STM32_USB_Host_Library/Core/Src/usbh_ctlreq.c.obj
 .text.USBH_CtlReq
                0x08005960       0x40 CMakeFiles/stm32_usb_gamepad.elf.dir/Middlewares/ST/STM32_USB_Host_Library/Core/Src/usbh_ctlreq.c.obj
                0x08005960                USBH_CtlReq
 .text.USBH_GetDescriptor
                0x080059a0       0x42 CMakeFiles/stm32_usb_gamepad.elf.dir/Middlewares/ST/STM32_USB_Host_Library/Core/Src/usbh_ctlreq.c.obj
                0x080059a0                USBH_GetDescriptor
 .text.USBH_Get_DevDesc
                0x080059e2       0x32 CMakeFiles/stm32_usb_gamepad.elf.dir/Middlewares/ST/STM32_USB_Host_Library/Core/Src/usbh_ctlreq.c.obj
                0x080059e2                USBH_Get_DevDesc
 .text.USBH_Get_CfgDesc
                0x08005a14       0x32 CMakeFiles/stm32_usb_gamepad.elf.dir/Middlewares/ST/STM32_USB_Host_Library/Core/Src/usbh_ctlreq.c.obj
                0x08005a14                USBH_Get_CfgDesc
 .text.USBH_Get_StringDesc
                0x08005a46       0x30 CMakeFiles/stm32_usb_gamepad.elf.dir/Middlewares/ST/STM32_USB_Host_Library/Core/Src/usbh_ctlreq.c.obj
                0x08005a46                USBH_Get_StringDesc
 .text.USBH_SetAddress
                0x08005a76       0x22 CMakeFiles/stm32_usb_gamepad.elf.dir/Middlewares/ST/STM32_USB_Host_Library/Core/Src/usbh_ctlreq.c.obj
                0x08005a76                USBH_SetAddress
 .text.USBH_SetCfg
                0x08005a98       0x22 CMakeFiles/stm32_usb_gamepad.elf.dir/Middlewares/ST/STM32_USB_Host_Library/Core/Src/usbh_ctlreq.c.obj
                0x08005a98                USBH_SetCfg
 .text.USBH_SetFeature
                0x08005aba       0x22 CMakeFiles/stm32_usb_gamepad.elf.dir/Middlewares/ST/STM32_USB_Host_Library/Core/Src/usbh_ctlreq.c.obj
                0x08005aba                USBH_SetFeature
 .text.USBH_ClrFeature
                0x08005adc       0x24 CMakeFiles/stm32_usb_gamepad.elf.dir/Middlewares/ST/STM32_USB_Host_Library/Core/Src/usbh_ctlreq.c.obj
                0x08005adc                USBH_ClrFeature
 .text.USBH_CtlSendSetup
                0x08005b00       0x22 CMakeFiles/stm32_usb_gamepad.elf.dir/Middlewares/ST/STM32_USB_Host_Library/Core/Src/usbh_ioreq.c.obj
                0x08005b00                USBH_CtlSendSetup
 .text.USBH_CtlSendData
                0x08005b22       0x2c CMakeFiles/stm32_usb_gamepad.elf.dir/Middlewares/ST/STM32_USB_Host_Library/Core/Src/usbh_ioreq.c.obj
                0x08005b22                USBH_CtlSendData
 .text.USBH_CtlReceiveData
                0x08005b4e       0x20 CMakeFiles/stm32_usb_gamepad.elf.dir/Middlewares/ST/STM32_USB_Host_Library/Core/Src/usbh_ioreq.c.obj
                0x08005b4e                USBH_CtlReceiveData
 .text.USBH_InterruptReceiveData
                0x08005b6e       0x20 CMakeFiles/stm32_usb_gamepad.elf.dir/Middlewares/ST/STM32_USB_Host_Library/Core/Src/usbh_ioreq.c.obj
                0x08005b6e                USBH_InterruptReceiveData
 .text.USBH_GetFreePipe
                0x08005b8e       0x26 CMakeFiles/stm32_usb_gamepad.elf.dir/Middlewares/ST/STM32_USB_Host_Library/Core/Src/usbh_pipes.c.obj
 .text.USBH_OpenPipe
                0x08005bb4       0x20 CMakeFiles/stm32_usb_gamepad.elf.dir/Middlewares/ST/STM32_USB_Host_Library/Core/Src/usbh_pipes.c.obj
                0x08005bb4                USBH_OpenPipe
 .text.USBH_ClosePipe
                0x08005bd4        0xa CMakeFiles/stm32_usb_gamepad.elf.dir/Middlewares/ST/STM32_USB_Host_Library/Core/Src/usbh_pipes.c.obj
                0x08005bd4                USBH_ClosePipe
 .text.USBH_AllocPipe
                0x08005bde       0x28 CMakeFiles/stm32_usb_gamepad.elf.dir/Middlewares/ST/STM32_USB_Host_Library/Core/Src/usbh_pipes.c.obj
                0x08005bde                USBH_AllocPipe
 .text.USBH_FreePipe
                0x08005c06       0x18 CMakeFiles/stm32_usb_gamepad.elf.dir/Middlewares/ST/STM32_USB_Host_Library/Core/Src/usbh_pipes.c.obj
                0x08005c06                USBH_FreePipe
 *fill*         0x08005c1e        0x2 
 .text.USBH_UserProcess
                0x08005c20       0x2c CMakeFiles/stm32_usb_gamepad.elf.dir/USB_HOST/App/usb_host.c.obj
 .text.MX_USB_HOST_Init
                0x08005c4c       0x40 CMakeFiles/stm32_usb_gamepad.elf.dir/USB_HOST/App/usb_host.c.obj
                0x08005c4c                MX_USB_HOST_Init
 .text.MX_USB_HOST_Process
                0x08005c8c       0x10 CMakeFiles/stm32_usb_gamepad.elf.dir/USB_HOST/App/usb_host.c.obj
                0x08005c8c                MX_USB_HOST_Process
 .text.HAL_HCD_MspInit
                0x08005c9c       0x94 CMakeFiles/stm32_usb_gamepad.elf.dir/USB_HOST/Target/usbh_conf.c.obj
                0x08005c9c                HAL_HCD_MspInit
 .text.HAL_HCD_SOF_Callback
                0x08005d30        0xc CMakeFiles/stm32_usb_gamepad.elf.dir/USB_HOST/Target/usbh_conf.c.obj
                0x08005d30                HAL_HCD_SOF_Callback
 .text.HAL_HCD_Connect_Callback
                0x08005d3c        0xc CMakeFiles/stm32_usb_gamepad.elf.dir/USB_HOST/Target/usbh_conf.c.obj
                0x08005d3c                HAL_HCD_Connect_Callback
 .text.HAL_HCD_Disconnect_Callback
                0x08005d48        0xc CMakeFiles/stm32_usb_gamepad.elf.dir/USB_HOST/Target/usbh_conf.c.obj
                0x08005d48                HAL_HCD_Disconnect_Callback
 .text.HAL_HCD_HC_NotifyURBChange_Callback
                0x08005d54        0x2 CMakeFiles/stm32_usb_gamepad.elf.dir/USB_HOST/Target/usbh_conf.c.obj
                0x08005d54                HAL_HCD_HC_NotifyURBChange_Callback
 .text.HAL_HCD_PortEnabled_Callback
                0x08005d56        0xc CMakeFiles/stm32_usb_gamepad.elf.dir/USB_HOST/Target/usbh_conf.c.obj
                0x08005d56                HAL_HCD_PortEnabled_Callback
 .text.HAL_HCD_PortDisabled_Callback
                0x08005d62        0xc CMakeFiles/stm32_usb_gamepad.elf.dir/USB_HOST/Target/usbh_conf.c.obj
                0x08005d62                HAL_HCD_PortDisabled_Callback
 *fill*         0x08005d6e        0x2 
 .text.USBH_LL_Init
                0x08005d70       0x54 CMakeFiles/stm32_usb_gamepad.elf.dir/USB_HOST/Target/usbh_conf.c.obj
                0x08005d70                USBH_LL_Init
 .text.USBH_LL_GetSpeed
                0x08005dc4       0x20 CMakeFiles/stm32_usb_gamepad.elf.dir/USB_HOST/Target/usbh_conf.c.obj
                0x08005dc4                USBH_LL_GetSpeed
 .text.USBH_LL_GetLastXferSize
                0x08005de4        0xc CMakeFiles/stm32_usb_gamepad.elf.dir/USB_HOST/Target/usbh_conf.c.obj
                0x08005de4                USBH_LL_GetLastXferSize
 .text.USBH_LL_GetURBState
                0x08005df0        0xc CMakeFiles/stm32_usb_gamepad.elf.dir/USB_HOST/Target/usbh_conf.c.obj
                0x08005df0                USBH_LL_GetURBState
 .text.USBH_LL_DriverVBUS
                0x08005dfc       0x1c CMakeFiles/stm32_usb_gamepad.elf.dir/USB_HOST/Target/usbh_conf.c.obj
                0x08005dfc                USBH_LL_DriverVBUS
 .text.USBH_LL_SetToggle
                0x08005e18       0x2a CMakeFiles/stm32_usb_gamepad.elf.dir/USB_HOST/Target/usbh_conf.c.obj
                0x08005e18                USBH_LL_SetToggle
 .text.USBH_Delay
                0x08005e42        0x8 CMakeFiles/stm32_usb_gamepad.elf.dir/USB_HOST/Target/usbh_conf.c.obj
                0x08005e42                USBH_Delay
 .text.USBH_Get_USB_Status
                0x08005e4a       0x14 CMakeFiles/stm32_usb_gamepad.elf.dir/USB_HOST/Target/usbh_conf.c.obj
                0x08005e4a                USBH_Get_USB_Status
 .text.USBH_LL_Start
                0x08005e5e       0x10 CMakeFiles/stm32_usb_gamepad.elf.dir/USB_HOST/Target/usbh_conf.c.obj
                0x08005e5e                USBH_LL_Start
 .text.USBH_LL_Stop
                0x08005e6e       0x10 CMakeFiles/stm32_usb_gamepad.elf.dir/USB_HOST/Target/usbh_conf.c.obj
                0x08005e6e                USBH_LL_Stop
 .text.USBH_LL_ResetPort
                0x08005e7e       0x10 CMakeFiles/stm32_usb_gamepad.elf.dir/USB_HOST/Target/usbh_conf.c.obj
                0x08005e7e                USBH_LL_ResetPort
 .text.USBH_LL_OpenPipe
                0x08005e8e       0x26 CMakeFiles/stm32_usb_gamepad.elf.dir/USB_HOST/Target/usbh_conf.c.obj
                0x08005e8e                USBH_LL_OpenPipe
 .text.USBH_LL_ClosePipe
                0x08005eb4       0x10 CMakeFiles/stm32_usb_gamepad.elf.dir/USB_HOST/Target/usbh_conf.c.obj
                0x08005eb4                USBH_LL_ClosePipe
 .text.USBH_LL_SubmitURB
                0x08005ec4       0x2a CMakeFiles/stm32_usb_gamepad.elf.dir/USB_HOST/Target/usbh_conf.c.obj
                0x08005ec4                USBH_LL_SubmitURB
 *fill*         0x08005eee        0x2 
 .text.MX_DriverVbusFS
                0x08005ef0       0x18 CMakeFiles/stm32_usb_gamepad.elf.dir/USB_HOST/Target/usbh_platform.c.obj
                0x08005ef0                MX_DriverVbusFS
 .text.Reset_Handler
                0x08005f08       0x50 CMakeFiles/stm32_usb_gamepad.elf.dir/startup/startup_stm32f407xx.s.obj
                0x08005f08                Reset_Handler
 .text.Default_Handler
                0x08005f58        0x2 CMakeFiles/stm32_usb_gamepad.elf.dir/startup/startup_stm32f407xx.s.obj
                0x08005f58                RTC_Alarm_IRQHandler
                0x08005f58                HASH_RNG_IRQHandler
                0x08005f58                EXTI2_IRQHandler
                0x08005f58                TIM8_CC_IRQHandler
                0x08005f58                TIM1_CC_IRQHandler
                0x08005f58                DMA2_Stream5_IRQHandler
                0x08005f58                DMA1_Stream5_IRQHandler
                0x08005f58                PVD_IRQHandler
                0x08005f58                SDIO_IRQHandler
                0x08005f58                TAMP_STAMP_IRQHandler
                0x08005f58                CAN2_RX1_IRQHandler
                0x08005f58                EXTI3_IRQHandler
                0x08005f58                TIM8_TRG_COM_TIM14_IRQHandler
                0x08005f58                TIM1_UP_TIM10_IRQHandler
                0x08005f58                TIM8_UP_TIM13_IRQHandler
                0x08005f58                I2C3_ER_IRQHandler
                0x08005f58                EXTI0_IRQHandler
                0x08005f58                I2C2_EV_IRQHandler
                0x08005f58                DMA1_Stream2_IRQHandler
                0x08005f58                CAN1_RX0_IRQHandler
                0x08005f58                FPU_IRQHandler
                0x08005f58                OTG_HS_WKUP_IRQHandler
                0x08005f58                CAN2_SCE_IRQHandler
                0x08005f58                DMA2_Stream2_IRQHandler
                0x08005f58                SPI1_IRQHandler
                0x08005f58                TIM6_DAC_IRQHandler
                0x08005f58                TIM1_BRK_TIM9_IRQHandler
                0x08005f58                DCMI_IRQHandler
                0x08005f58                CAN2_RX0_IRQHandler
                0x08005f58                DMA2_Stream3_IRQHandler
                0x08005f58                USART6_IRQHandler
                0x08005f58                USART3_IRQHandler
                0x08005f58                CAN1_RX1_IRQHandler
                0x08005f58                UART5_IRQHandler
                0x08005f58                DMA2_Stream0_IRQHandler
                0x08005f58                TIM4_IRQHandler
                0x08005f58                I2C1_EV_IRQHandler
                0x08005f58                DMA1_Stream6_IRQHandler
                0x08005f58                DMA1_Stream1_IRQHandler
                0x08005f58                UART4_IRQHandler
                0x08005f58                TIM3_IRQHandler
                0x08005f58                RCC_IRQHandler
                0x08005f58                TIM8_BRK_TIM12_IRQHandler
                0x08005f58                Default_Handler
                0x08005f58                EXTI15_10_IRQHandler
                0x08005f58                ADC_IRQHandler
                0x08005f58                DMA1_Stream7_IRQHandler
                0x08005f58                TIM7_IRQHandler
                0x08005f58                CAN2_TX_IRQHandler
                0x08005f58                TIM5_IRQHandler
                0x08005f58                DMA2_Stream7_IRQHandler
                0x08005f58                I2C3_EV_IRQHandler
                0x08005f58                EXTI9_5_IRQHandler
                0x08005f58                RTC_WKUP_IRQHandler
                0x08005f58                ETH_WKUP_IRQHandler
                0x08005f58                SPI2_IRQHandler
                0x08005f58                OTG_HS_EP1_IN_IRQHandler
                0x08005f58                DMA1_Stream0_IRQHandler
                0x08005f58                CAN1_TX_IRQHandler
                0x08005f58                EXTI4_IRQHandler
                0x08005f58                FSMC_IRQHandler
                0x08005f58                ETH_IRQHandler
                0x08005f58                OTG_HS_EP1_OUT_IRQHandler
                0x08005f58                WWDG_IRQHandler
                0x08005f58                TIM2_IRQHandler
                0x08005f58                OTG_FS_WKUP_IRQHandler
                0x08005f58                TIM1_TRG_COM_TIM11_IRQHandler
                0x08005f58                OTG_HS_IRQHandler
                0x08005f58                EXTI1_IRQHandler
                0x08005f58                USART2_IRQHandler
                0x08005f58                I2C2_ER_IRQHandler
                0x08005f58                DMA2_Stream1_IRQHandler
                0x08005f58                CAN1_SCE_IRQHandler
                0x08005f58                FLASH_IRQHandler
                0x08005f58                DMA2_Stream4_IRQHandler
                0x08005f58                USART1_IRQHandler
                0x08005f58                SPI3_IRQHandler
                0x08005f58                DMA1_Stream4_IRQHandler
                0x08005f58                I2C1_ER_IRQHandler
                0x08005f58                DMA2_Stream6_IRQHandler
                0x08005f58                DMA1_Stream3_IRQHandler
 *fill*         0x08005f5a        0x2 
 .text.__errno  0x08005f5c        0xc c:/ide/arm/10-2021-07/bin/../lib/gcc/arm-none-eabi/10.3.1/../../../../arm-none-eabi/lib/thumb/v7e-m/nofp\libg.a(lib_a-errno.o)
                0x08005f5c                __errno
 .text.__libc_init_array
                0x08005f68       0x48 c:/ide/arm/10-2021-07/bin/../lib/gcc/arm-none-eabi/10.3.1/../../../../arm-none-eabi/lib/thumb/v7e-m/nofp\libg.a(lib_a-init.o)
                0x08005f68                __libc_init_array
 .text.malloc   0x08005fb0       0x10 c:/ide/arm/10-2021-07/bin/../lib/gcc/arm-none-eabi/10.3.1/../../../../arm-none-eabi/lib/thumb/v7e-m/nofp\libg.a(lib_a-malloc.o)
                0x08005fb0                malloc
 .text.free     0x08005fc0       0x10 c:/ide/arm/10-2021-07/bin/../lib/gcc/arm-none-eabi/10.3.1/../../../../arm-none-eabi/lib/thumb/v7e-m/nofp\libg.a(lib_a-malloc.o)
                0x08005fc0                free
 .text._malloc_r
                0x08005fd0      0x560 c:/ide/arm/10-2021-07/bin/../lib/gcc/arm-none-eabi/10.3.1/../../../../arm-none-eabi/lib/thumb/v7e-m/nofp\libg.a(lib_a-mallocr.o)
                0x08005fd0                _malloc_r
 .text.memset   0x08006530       0xa4 c:/ide/arm/10-2021-07/bin/../lib/gcc/arm-none-eabi/10.3.1/../../../../arm-none-eabi/lib/thumb/v7e-m/nofp\libg.a(lib_a-memset.o)
                0x08006530                memset
 .text.__malloc_lock
                0x080065d4        0xc c:/ide/arm/10-2021-07/bin/../lib/gcc/arm-none-eabi/10.3.1/../../../../arm-none-eabi/lib/thumb/v7e-m/nofp\libg.a(lib_a-mlock.o)
                0x080065d4                __malloc_lock
 .text.__malloc_unlock
                0x080065e0        0xc c:/ide/arm/10-2021-07/bin/../lib/gcc/arm-none-eabi/10.3.1/../../../../arm-none-eabi/lib/thumb/v7e-m/nofp\libg.a(lib_a-mlock.o)
                0x080065e0                __malloc_unlock
 .text.printf   0x080065ec       0x28 c:/ide/arm/10-2021-07/bin/../lib/gcc/arm-none-eabi/10.3.1/../../../../arm-none-eabi/lib/thumb/v7e-m/nofp\libg.a(lib_a-printf.o)
                0x080065ec                printf
 .text.putchar  0x08006614       0x10 c:/ide/arm/10-2021-07/bin/../lib/gcc/arm-none-eabi/10.3.1/../../../../arm-none-eabi/lib/thumb/v7e-m/nofp\libg.a(lib_a-putchar.o)
                0x08006614                putchar
 .text._puts_r  0x08006624       0x9c c:/ide/arm/10-2021-07/bin/../lib/gcc/arm-none-eabi/10.3.1/../../../../arm-none-eabi/lib/thumb/v7e-m/nofp\libg.a(lib_a-puts.o)
                0x08006624                _puts_r
 .text.puts     0x080066c0       0x10 c:/ide/arm/10-2021-07/bin/../lib/gcc/arm-none-eabi/10.3.1/../../../../arm-none-eabi/lib/thumb/v7e-m/nofp\libg.a(lib_a-puts.o)
                0x080066c0                puts
 .text._sbrk_r  0x080066d0       0x24 c:/ide/arm/10-2021-07/bin/../lib/gcc/arm-none-eabi/10.3.1/../../../../arm-none-eabi/lib/thumb/v7e-m/nofp\libg.a(lib_a-sbrkr.o)
                0x080066d0                _sbrk_r
 .text._vfprintf_r
                0x080066f4     0x1ad4 c:/ide/arm/10-2021-07/bin/../lib/gcc/arm-none-eabi/10.3.1/../../../../arm-none-eabi/lib/thumb/v7e-m/nofp\libg.a(lib_a-vfprintf.o)
                0x080066f4                _vfprintf_r
 .text.__sbprintf
                0x080081c8       0x80 c:/ide/arm/10-2021-07/bin/../lib/gcc/arm-none-eabi/10.3.1/../../../../arm-none-eabi/lib/thumb/v7e-m/nofp\libg.a(lib_a-vfprintf.o)
 .text.__swsetup_r
                0x08008248       0xd4 c:/ide/arm/10-2021-07/bin/../lib/gcc/arm-none-eabi/10.3.1/../../../../arm-none-eabi/lib/thumb/v7e-m/nofp\libg.a(lib_a-wsetup.o)
                0x08008248                __swsetup_r
 .text.startup.register_fini
                0x0800831c       0x14 c:/ide/arm/10-2021-07/bin/../lib/gcc/arm-none-eabi/10.3.1/../../../../arm-none-eabi/lib/thumb/v7e-m/nofp\libg.a(lib_a-__call_atexit.o)
 .text.atexit   0x08008330        0xc c:/ide/arm/10-2021-07/bin/../lib/gcc/arm-none-eabi/10.3.1/../../../../arm-none-eabi/lib/thumb/v7e-m/nofp\libg.a(lib_a-atexit.o)
                0x08008330                atexit
 .text.quorem   0x0800833c      0x124 c:/ide/arm/10-2021-07/bin/../lib/gcc/arm-none-eabi/10.3.1/../../../../arm-none-eabi/lib/thumb/v7e-m/nofp\libg.a(lib_a-dtoa.o)
 .text._dtoa_r  0x08008460      0xec4 c:/ide/arm/10-2021-07/bin/../lib/gcc/arm-none-eabi/10.3.1/../../../../arm-none-eabi/lib/thumb/v7e-m/nofp\libg.a(lib_a-dtoa.o)
                0x08008460                _dtoa_r
 .text.__sflush_r
                0x08009324      0x120 c:/ide/arm/10-2021-07/bin/../lib/gcc/arm-none-eabi/10.3.1/../../../../arm-none-eabi/lib/thumb/v7e-m/nofp\libg.a(lib_a-fflush.o)
                0x08009324                __sflush_r
 .text._fflush_r
                0x08009444       0x5c c:/ide/arm/10-2021-07/bin/../lib/gcc/arm-none-eabi/10.3.1/../../../../arm-none-eabi/lib/thumb/v7e-m/nofp\libg.a(lib_a-fflush.o)
                0x08009444                _fflush_r
 .text._cleanup_r
                0x080094a0        0xc c:/ide/arm/10-2021-07/bin/../lib/gcc/arm-none-eabi/10.3.1/../../../../arm-none-eabi/lib/thumb/v7e-m/nofp\libg.a(lib_a-findfp.o)
                0x080094a0                _cleanup_r
 .text.__sinit  0x080094ac      0x10c c:/ide/arm/10-2021-07/bin/../lib/gcc/arm-none-eabi/10.3.1/../../../../arm-none-eabi/lib/thumb/v7e-m/nofp\libg.a(lib_a-findfp.o)
                0x080094ac                __sinit
 .text.__sfp_lock_acquire
                0x080095b8        0xc c:/ide/arm/10-2021-07/bin/../lib/gcc/arm-none-eabi/10.3.1/../../../../arm-none-eabi/lib/thumb/v7e-m/nofp\libg.a(lib_a-findfp.o)
                0x080095b8                __sfp_lock_acquire
 .text.__sfp_lock_release
                0x080095c4        0xc c:/ide/arm/10-2021-07/bin/../lib/gcc/arm-none-eabi/10.3.1/../../../../arm-none-eabi/lib/thumb/v7e-m/nofp\libg.a(lib_a-findfp.o)
                0x080095c4                __sfp_lock_release
 .text.__libc_fini_array
                0x080095d0       0x2c c:/ide/arm/10-2021-07/bin/../lib/gcc/arm-none-eabi/10.3.1/../../../../arm-none-eabi/lib/thumb/v7e-m/nofp\libg.a(lib_a-fini.o)
                0x080095d0                __libc_fini_array
 .text._malloc_trim_r
                0x080095fc       0xa0 c:/ide/arm/10-2021-07/bin/../lib/gcc/arm-none-eabi/10.3.1/../../../../arm-none-eabi/lib/thumb/v7e-m/nofp\libg.a(lib_a-freer.o)
                0x080095fc                _malloc_trim_r
 .text._free_r  0x0800969c      0x20c c:/ide/arm/10-2021-07/bin/../lib/gcc/arm-none-eabi/10.3.1/../../../../arm-none-eabi/lib/thumb/v7e-m/nofp\libg.a(lib_a-freer.o)
                0x0800969c                _free_r
 .text.__sfvwrite_r
                0x080098a8      0x2e8 c:/ide/arm/10-2021-07/bin/../lib/gcc/arm-none-eabi/10.3.1/../../../../arm-none-eabi/lib/thumb/v7e-m/nofp\libg.a(lib_a-fvwrite.o)
                0x080098a8                __sfvwrite_r
 .text._fwalk_reent
                0x08009b90       0x48 c:/ide/arm/10-2021-07/bin/../lib/gcc/arm-none-eabi/10.3.1/../../../../arm-none-eabi/lib/thumb/v7e-m/nofp\libg.a(lib_a-fwalk.o)
                0x08009b90                _fwalk_reent
 .text._localeconv_r
                0x08009bd8        0x8 c:/ide/arm/10-2021-07/bin/../lib/gcc/arm-none-eabi/10.3.1/../../../../arm-none-eabi/lib/thumb/v7e-m/nofp\libg.a(lib_a-localeconv.o)
                0x08009bd8                _localeconv_r
 .text.__retarget_lock_init_recursive
                0x08009be0        0x4 c:/ide/arm/10-2021-07/bin/../lib/gcc/arm-none-eabi/10.3.1/../../../../arm-none-eabi/lib/thumb/v7e-m/nofp\libg.a(lib_a-lock.o)
                0x08009be0                __retarget_lock_init_recursive
 .text.__retarget_lock_close_recursive
                0x08009be4        0x4 c:/ide/arm/10-2021-07/bin/../lib/gcc/arm-none-eabi/10.3.1/../../../../arm-none-eabi/lib/thumb/v7e-m/nofp\libg.a(lib_a-lock.o)
                0x08009be4                __retarget_lock_close_recursive
 .text.__retarget_lock_acquire_recursive
                0x08009be8        0x4 c:/ide/arm/10-2021-07/bin/../lib/gcc/arm-none-eabi/10.3.1/../../../../arm-none-eabi/lib/thumb/v7e-m/nofp\libg.a(lib_a-lock.o)
                0x08009be8                __retarget_lock_acquire_recursive
 .text.__retarget_lock_release_recursive
                0x08009bec        0x4 c:/ide/arm/10-2021-07/bin/../lib/gcc/arm-none-eabi/10.3.1/../../../../arm-none-eabi/lib/thumb/v7e-m/nofp\libg.a(lib_a-lock.o)
                0x08009bec                __retarget_lock_release_recursive
 .text.__smakebuf_r
                0x08009bf0       0xe0 c:/ide/arm/10-2021-07/bin/../lib/gcc/arm-none-eabi/10.3.1/../../../../arm-none-eabi/lib/thumb/v7e-m/nofp\libg.a(lib_a-makebuf.o)
                0x08009bf0                __smakebuf_r
 .text.memmove  0x08009cd0       0xf8 c:/ide/arm/10-2021-07/bin/../lib/gcc/arm-none-eabi/10.3.1/../../../../arm-none-eabi/lib/thumb/v7e-m/nofp\libg.a(lib_a-memmove.o)
                0x08009cd0                memmove
 .text._Balloc  0x08009dc8       0x4c c:/ide/arm/10-2021-07/bin/../lib/gcc/arm-none-eabi/10.3.1/../../../../arm-none-eabi/lib/thumb/v7e-m/nofp\libg.a(lib_a-mprec.o)
                0x08009dc8                _Balloc
 .text._Bfree   0x08009e14       0x14 c:/ide/arm/10-2021-07/bin/../lib/gcc/arm-none-eabi/10.3.1/../../../../arm-none-eabi/lib/thumb/v7e-m/nofp\libg.a(lib_a-mprec.o)
                0x08009e14                _Bfree
 .text.__multadd
                0x08009e28       0xa0 c:/ide/arm/10-2021-07/bin/../lib/gcc/arm-none-eabi/10.3.1/../../../../arm-none-eabi/lib/thumb/v7e-m/nofp\libg.a(lib_a-mprec.o)
                0x08009e28                __multadd
 .text.__hi0bits
                0x08009ec8       0x40 c:/ide/arm/10-2021-07/bin/../lib/gcc/arm-none-eabi/10.3.1/../../../../arm-none-eabi/lib/thumb/v7e-m/nofp\libg.a(lib_a-mprec.o)
                0x08009ec8                __hi0bits
 .text.__lo0bits
                0x08009f08       0x5c c:/ide/arm/10-2021-07/bin/../lib/gcc/arm-none-eabi/10.3.1/../../../../arm-none-eabi/lib/thumb/v7e-m/nofp\libg.a(lib_a-mprec.o)
                0x08009f08                __lo0bits
 .text.__i2b    0x08009f64       0x5c c:/ide/arm/10-2021-07/bin/../lib/gcc/arm-none-eabi/10.3.1/../../../../arm-none-eabi/lib/thumb/v7e-m/nofp\libg.a(lib_a-mprec.o)
                0x08009f64                __i2b
 .text.__multiply
                0x08009fc0      0x15c c:/ide/arm/10-2021-07/bin/../lib/gcc/arm-none-eabi/10.3.1/../../../../arm-none-eabi/lib/thumb/v7e-m/nofp\libg.a(lib_a-mprec.o)
                0x08009fc0                __multiply
 .text.__pow5mult
                0x0800a11c       0xc0 c:/ide/arm/10-2021-07/bin/../lib/gcc/arm-none-eabi/10.3.1/../../../../arm-none-eabi/lib/thumb/v7e-m/nofp\libg.a(lib_a-mprec.o)
                0x0800a11c                __pow5mult
 .text.__lshift
                0x0800a1dc       0xf0 c:/ide/arm/10-2021-07/bin/../lib/gcc/arm-none-eabi/10.3.1/../../../../arm-none-eabi/lib/thumb/v7e-m/nofp\libg.a(lib_a-mprec.o)
                0x0800a1dc                __lshift
 .text.__mcmp   0x0800a2cc       0x40 c:/ide/arm/10-2021-07/bin/../lib/gcc/arm-none-eabi/10.3.1/../../../../arm-none-eabi/lib/thumb/v7e-m/nofp\libg.a(lib_a-mprec.o)
                0x0800a2cc                __mcmp
 .text.__mdiff  0x0800a30c      0x14c c:/ide/arm/10-2021-07/bin/../lib/gcc/arm-none-eabi/10.3.1/../../../../arm-none-eabi/lib/thumb/v7e-m/nofp\libg.a(lib_a-mprec.o)
                0x0800a30c                __mdiff
 .text.__d2b    0x0800a458       0xc4 c:/ide/arm/10-2021-07/bin/../lib/gcc/arm-none-eabi/10.3.1/../../../../arm-none-eabi/lib/thumb/v7e-m/nofp\libg.a(lib_a-mprec.o)
                0x0800a458                __d2b
 .text._putc_r  0x0800a51c       0x74 c:/ide/arm/10-2021-07/bin/../lib/gcc/arm-none-eabi/10.3.1/../../../../arm-none-eabi/lib/thumb/v7e-m/nofp\libg.a(lib_a-putc.o)
                0x0800a51c                _putc_r
 .text._realloc_r
                0x0800a590      0x3d8 c:/ide/arm/10-2021-07/bin/../lib/gcc/arm-none-eabi/10.3.1/../../../../arm-none-eabi/lib/thumb/v7e-m/nofp\libg.a(lib_a-reallocr.o)
                0x0800a590                _realloc_r
 .text.frexp    0x0800a968       0x70 c:/ide/arm/10-2021-07/bin/../lib/gcc/arm-none-eabi/10.3.1/../../../../arm-none-eabi/lib/thumb/v7e-m/nofp\libg.a(lib_a-s_frexp.o)
                0x0800a968                frexp
 .text.__sread  0x0800a9d8       0x24 c:/ide/arm/10-2021-07/bin/../lib/gcc/arm-none-eabi/10.3.1/../../../../arm-none-eabi/lib/thumb/v7e-m/nofp\libg.a(lib_a-stdio.o)
                0x0800a9d8                __sread
 .text.__swrite
                0x0800a9fc       0x40 c:/ide/arm/10-2021-07/bin/../lib/gcc/arm-none-eabi/10.3.1/../../../../arm-none-eabi/lib/thumb/v7e-m/nofp\libg.a(lib_a-stdio.o)
                0x0800a9fc                __swrite
 .text.__sseek  0x0800aa3c       0x20 c:/ide/arm/10-2021-07/bin/../lib/gcc/arm-none-eabi/10.3.1/../../../../arm-none-eabi/lib/thumb/v7e-m/nofp\libg.a(lib_a-stdio.o)
                0x0800aa3c                __sseek
 .text.__sclose
                0x0800aa5c        0x8 c:/ide/arm/10-2021-07/bin/../lib/gcc/arm-none-eabi/10.3.1/../../../../arm-none-eabi/lib/thumb/v7e-m/nofp\libg.a(lib_a-stdio.o)
                0x0800aa5c                __sclose
 .text.strncpy  0x0800aa64       0x64 c:/ide/arm/10-2021-07/bin/../lib/gcc/arm-none-eabi/10.3.1/../../../../arm-none-eabi/lib/thumb/v7e-m/nofp\libg.a(lib_a-strncpy.o)
                0x0800aa64                strncpy
 .text.__sprint_r.part.0
                0x0800aac8       0x78 c:/ide/arm/10-2021-07/bin/../lib/gcc/arm-none-eabi/10.3.1/../../../../arm-none-eabi/lib/thumb/v7e-m/nofp\libg.a(lib_a-vfiprintf.o)
 .text.__sprint_r
                0x0800ab40       0x14 c:/ide/arm/10-2021-07/bin/../lib/gcc/arm-none-eabi/10.3.1/../../../../arm-none-eabi/lib/thumb/v7e-m/nofp\libg.a(lib_a-vfiprintf.o)
                0x0800ab40                __sprint_r
 .text._vfiprintf_r
                0x0800ab54      0xda0 c:/ide/arm/10-2021-07/bin/../lib/gcc/arm-none-eabi/10.3.1/../../../../arm-none-eabi/lib/thumb/v7e-m/nofp\libg.a(lib_a-vfiprintf.o)
                0x0800ab54                _vfiprintf_r
 .text.__sbprintf
                0x0800b8f4       0x80 c:/ide/arm/10-2021-07/bin/../lib/gcc/arm-none-eabi/10.3.1/../../../../arm-none-eabi/lib/thumb/v7e-m/nofp\libg.a(lib_a-vfiprintf.o)
 .text.__swbuf_r
                0x0800b974       0xb0 c:/ide/arm/10-2021-07/bin/../lib/gcc/arm-none-eabi/10.3.1/../../../../arm-none-eabi/lib/thumb/v7e-m/nofp\libg.a(lib_a-wbuf.o)
                0x0800b974                __swbuf_r
 .text._write_r
                0x0800ba24       0x2c c:/ide/arm/10-2021-07/bin/../lib/gcc/arm-none-eabi/10.3.1/../../../../arm-none-eabi/lib/thumb/v7e-m/nofp\libg.a(lib_a-writer.o)
                0x0800ba24                _write_r
 .text.__register_exitproc
                0x0800ba50       0x8c c:/ide/arm/10-2021-07/bin/../lib/gcc/arm-none-eabi/10.3.1/../../../../arm-none-eabi/lib/thumb/v7e-m/nofp\libg.a(lib_a-__atexit.o)
                0x0800ba50                __register_exitproc
 .text.__assert_func
                0x0800badc       0x40 c:/ide/arm/10-2021-07/bin/../lib/gcc/arm-none-eabi/10.3.1/../../../../arm-none-eabi/lib/thumb/v7e-m/nofp\libg.a(lib_a-assert.o)
                0x0800badc                __assert_func
 .text._calloc_r
                0x0800bb1c       0x78 c:/ide/arm/10-2021-07/bin/../lib/gcc/arm-none-eabi/10.3.1/../../../../arm-none-eabi/lib/thumb/v7e-m/nofp\libg.a(lib_a-callocr.o)
                0x0800bb1c                _calloc_r
 .text._close_r
                0x0800bb94       0x24 c:/ide/arm/10-2021-07/bin/../lib/gcc/arm-none-eabi/10.3.1/../../../../arm-none-eabi/lib/thumb/v7e-m/nofp\libg.a(lib_a-closer.o)
                0x0800bb94                _close_r
 .text._fclose_r
                0x0800bbb8       0xcc c:/ide/arm/10-2021-07/bin/../lib/gcc/arm-none-eabi/10.3.1/../../../../arm-none-eabi/lib/thumb/v7e-m/nofp\libg.a(lib_a-fclose.o)
                0x0800bbb8                _fclose_r
 .text.fiprintf
                0x0800bc84       0x28 c:/ide/arm/10-2021-07/bin/../lib/gcc/arm-none-eabi/10.3.1/../../../../arm-none-eabi/lib/thumb/v7e-m/nofp\libg.a(lib_a-fiprintf.o)
                0x0800bc84                fiprintf
 .text.__fputwc
                0x0800bcac       0xa8 c:/ide/arm/10-2021-07/bin/../lib/gcc/arm-none-eabi/10.3.1/../../../../arm-none-eabi/lib/thumb/v7e-m/nofp\libg.a(lib_a-fputwc.o)
                0x0800bcac                __fputwc
 .text._fputwc_r
                0x0800bd54       0x68 c:/ide/arm/10-2021-07/bin/../lib/gcc/arm-none-eabi/10.3.1/../../../../arm-none-eabi/lib/thumb/v7e-m/nofp\libg.a(lib_a-fputwc.o)
                0x0800bd54                _fputwc_r
 .text._fstat_r
                0x0800bdbc       0x2c c:/ide/arm/10-2021-07/bin/../lib/gcc/arm-none-eabi/10.3.1/../../../../arm-none-eabi/lib/thumb/v7e-m/nofp\libg.a(lib_a-fstatr.o)
                0x0800bdbc                _fstat_r
 .text._isatty_r
                0x0800bde8       0x24 c:/ide/arm/10-2021-07/bin/../lib/gcc/arm-none-eabi/10.3.1/../../../../arm-none-eabi/lib/thumb/v7e-m/nofp\libg.a(lib_a-isattyr.o)
                0x0800bde8                _isatty_r
 .text.__locale_mb_cur_max
                0x0800be0c        0xc c:/ide/arm/10-2021-07/bin/../lib/gcc/arm-none-eabi/10.3.1/../../../../arm-none-eabi/lib/thumb/v7e-m/nofp\libg.a(lib_a-locale.o)
                0x0800be0c                __locale_mb_cur_max
 .text._lseek_r
                0x0800be18       0x2c c:/ide/arm/10-2021-07/bin/../lib/gcc/arm-none-eabi/10.3.1/../../../../arm-none-eabi/lib/thumb/v7e-m/nofp\libg.a(lib_a-lseekr.o)
                0x0800be18                _lseek_r
 .text.__ascii_mbtowc
                0x0800be44       0x2c c:/ide/arm/10-2021-07/bin/../lib/gcc/arm-none-eabi/10.3.1/../../../../arm-none-eabi/lib/thumb/v7e-m/nofp\libg.a(lib_a-mbtowc_r.o)
                0x0800be44                __ascii_mbtowc
 .text._read_r  0x0800be70       0x2c c:/ide/arm/10-2021-07/bin/../lib/gcc/arm-none-eabi/10.3.1/../../../../arm-none-eabi/lib/thumb/v7e-m/nofp\libg.a(lib_a-readr.o)
                0x0800be70                _read_r
 .text._wcrtomb_r
                0x0800be9c       0x3c c:/ide/arm/10-2021-07/bin/../lib/gcc/arm-none-eabi/10.3.1/../../../../arm-none-eabi/lib/thumb/v7e-m/nofp\libg.a(lib_a-wcrtomb.o)
                0x0800be9c                _wcrtomb_r
 .text.__ascii_wctomb
                0x0800bed8       0x1c c:/ide/arm/10-2021-07/bin/../lib/gcc/arm-none-eabi/10.3.1/../../../../arm-none-eabi/lib/thumb/v7e-m/nofp\libg.a(lib_a-wctomb_r.o)
                0x0800bed8                __ascii_wctomb
 .text.abort    0x0800bef4       0x10 c:/ide/arm/10-2021-07/bin/../lib/gcc/arm-none-eabi/10.3.1/../../../../arm-none-eabi/lib/thumb/v7e-m/nofp\libg.a(lib_a-abort.o)
                0x0800bef4                abort
 .text.raise    0x0800bf04       0x5c c:/ide/arm/10-2021-07/bin/../lib/gcc/arm-none-eabi/10.3.1/../../../../arm-none-eabi/lib/thumb/v7e-m/nofp\libg.a(lib_a-signal.o)
                0x0800bf04                raise
 .text._kill_r  0x0800bf60       0x2c c:/ide/arm/10-2021-07/bin/../lib/gcc/arm-none-eabi/10.3.1/../../../../arm-none-eabi/lib/thumb/v7e-m/nofp\libg.a(lib_a-signalr.o)
                0x0800bf60                _kill_r
 .text._getpid_r
                0x0800bf8c        0x4 c:/ide/arm/10-2021-07/bin/../lib/gcc/arm-none-eabi/10.3.1/../../../../arm-none-eabi/lib/thumb/v7e-m/nofp\libg.a(lib_a-signalr.o)
                0x0800bf8c                _getpid_r
 *(.glue_7)
 .glue_7        0x0800bf90        0x0 linker stubs
 *(.glue_7t)
 .glue_7t       0x0800bf90        0x0 linker stubs
 *(.eh_frame)
 .eh_frame      0x0800bf90        0x0 c:/ide/arm/10-2021-07/bin/../lib/gcc/arm-none-eabi/10.3.1/thumb/v7e-m/nofp/crtbegin.o
 *(.init)
 .init          0x0800bf90        0x4 c:/ide/arm/10-2021-07/bin/../lib/gcc/arm-none-eabi/10.3.1/thumb/v7e-m/nofp/crti.o
                0x0800bf90                _init
 .init          0x0800bf94        0x8 c:/ide/arm/10-2021-07/bin/../lib/gcc/arm-none-eabi/10.3.1/thumb/v7e-m/nofp/crtn.o
 *(.fini)
 .fini          0x0800bf9c        0x4 c:/ide/arm/10-2021-07/bin/../lib/gcc/arm-none-eabi/10.3.1/thumb/v7e-m/nofp/crti.o
                0x0800bf9c                _fini
 .fini          0x0800bfa0        0x8 c:/ide/arm/10-2021-07/bin/../lib/gcc/arm-none-eabi/10.3.1/thumb/v7e-m/nofp/crtn.o
                0x0800bfa8                . = ALIGN (0x4)
                0x0800bfa8                _etext = .

.vfp11_veneer   0x0800bfa8        0x0
 .vfp11_veneer  0x0800bfa8        0x0 linker stubs

.v4_bx          0x0800bfa8        0x0
 .v4_bx         0x0800bfa8        0x0 linker stubs

.iplt           0x0800bfa8        0x0
 .iplt          0x0800bfa8        0x0 c:/ide/arm/10-2021-07/bin/../lib/gcc/arm-none-eabi/10.3.1/thumb/v7e-m/nofp/crtbegin.o

.rodata         0x0800bfa8      0xda4
                0x0800bfa8                . = ALIGN (0x4)
 *(.rodata)
 *(.rodata*)
 .rodata.USBH_HID_EventCallback.str1.4
                0x0800bfa8       0x4e CMakeFiles/stm32_usb_gamepad.elf.dir/Core/Src/main.c.obj
 *fill*         0x0800bff6        0x2 
 .rodata.AHBPrescTable
                0x0800bff8       0x10 CMakeFiles/stm32_usb_gamepad.elf.dir/Core/Src/system_stm32f4xx.c.obj
                0x0800bff8                AHBPrescTable
 .rodata.APBPrescTable
                0x0800c008        0x8 CMakeFiles/stm32_usb_gamepad.elf.dir/Core/Src/system_stm32f4xx.c.obj
                0x0800c008                APBPrescTable
 .rodata.USBH_HID_InterfaceInit.str1.4
                0x0800c010       0xb8 CMakeFiles/stm32_usb_gamepad.elf.dir/Middlewares/ST/STM32_USB_Host_Library/Class/HID/Src/usbh_hid.c.obj
 .rodata.USBH_HID_ClassRequest.str1.4
                0x0800c0c8       0x7f CMakeFiles/stm32_usb_gamepad.elf.dir/Middlewares/ST/STM32_USB_Host_Library/Class/HID/Src/usbh_hid.c.obj
 *fill*         0x0800c147        0x1 
 .rodata.str1.4
                0x0800c148        0x4 CMakeFiles/stm32_usb_gamepad.elf.dir/Middlewares/ST/STM32_USB_Host_Library/Class/HID/Src/usbh_hid.c.obj
 .rodata.HID_KEYBRD_Codes
                0x0800c14c       0xe8 CMakeFiles/stm32_usb_gamepad.elf.dir/Middlewares/ST/STM32_USB_Host_Library/Class/HID/Src/usbh_hid_keybd.c.obj
 .rodata.HID_KEYBRD_Key
                0x0800c234       0x82 CMakeFiles/stm32_usb_gamepad.elf.dir/Middlewares/ST/STM32_USB_Host_Library/Class/HID/Src/usbh_hid_keybd.c.obj
 *fill*         0x0800c2b6        0x2 
 .rodata.HID_KEYBRD_ShiftKey
                0x0800c2b8       0x82 CMakeFiles/stm32_usb_gamepad.elf.dir/Middlewares/ST/STM32_USB_Host_Library/Class/HID/Src/usbh_hid_keybd.c.obj
 *fill*         0x0800c33a        0x2 
 .rodata.imp_0_key_array
                0x0800c33c       0x20 CMakeFiles/stm32_usb_gamepad.elf.dir/Middlewares/ST/STM32_USB_Host_Library/Class/HID/Src/usbh_hid_keybd.c.obj
 .rodata.imp_0_lalt
                0x0800c35c       0x20 CMakeFiles/stm32_usb_gamepad.elf.dir/Middlewares/ST/STM32_USB_Host_Library/Class/HID/Src/usbh_hid_keybd.c.obj
 .rodata.imp_0_lctrl
                0x0800c37c       0x20 CMakeFiles/stm32_usb_gamepad.elf.dir/Middlewares/ST/STM32_USB_Host_Library/Class/HID/Src/usbh_hid_keybd.c.obj
 .rodata.imp_0_lgui
                0x0800c39c       0x20 CMakeFiles/stm32_usb_gamepad.elf.dir/Middlewares/ST/STM32_USB_Host_Library/Class/HID/Src/usbh_hid_keybd.c.obj
 .rodata.imp_0_lshift
                0x0800c3bc       0x20 CMakeFiles/stm32_usb_gamepad.elf.dir/Middlewares/ST/STM32_USB_Host_Library/Class/HID/Src/usbh_hid_keybd.c.obj
 .rodata.imp_0_ralt
                0x0800c3dc       0x20 CMakeFiles/stm32_usb_gamepad.elf.dir/Middlewares/ST/STM32_USB_Host_Library/Class/HID/Src/usbh_hid_keybd.c.obj
 .rodata.imp_0_rctrl
                0x0800c3fc       0x20 CMakeFiles/stm32_usb_gamepad.elf.dir/Middlewares/ST/STM32_USB_Host_Library/Class/HID/Src/usbh_hid_keybd.c.obj
 .rodata.imp_0_rgui
                0x0800c41c       0x20 CMakeFiles/stm32_usb_gamepad.elf.dir/Middlewares/ST/STM32_USB_Host_Library/Class/HID/Src/usbh_hid_keybd.c.obj
 .rodata.imp_0_rshift
                0x0800c43c       0x20 CMakeFiles/stm32_usb_gamepad.elf.dir/Middlewares/ST/STM32_USB_Host_Library/Class/HID/Src/usbh_hid_keybd.c.obj
 .rodata.prop_b1
                0x0800c45c       0x20 CMakeFiles/stm32_usb_gamepad.elf.dir/Middlewares/ST/STM32_USB_Host_Library/Class/HID/Src/usbh_hid_mouse.c.obj
 .rodata.prop_b2
                0x0800c47c       0x20 CMakeFiles/stm32_usb_gamepad.elf.dir/Middlewares/ST/STM32_USB_Host_Library/Class/HID/Src/usbh_hid_mouse.c.obj
 .rodata.prop_b3
                0x0800c49c       0x20 CMakeFiles/stm32_usb_gamepad.elf.dir/Middlewares/ST/STM32_USB_Host_Library/Class/HID/Src/usbh_hid_mouse.c.obj
 .rodata.prop_x
                0x0800c4bc       0x20 CMakeFiles/stm32_usb_gamepad.elf.dir/Middlewares/ST/STM32_USB_Host_Library/Class/HID/Src/usbh_hid_mouse.c.obj
 .rodata.prop_y
                0x0800c4dc       0x20 CMakeFiles/stm32_usb_gamepad.elf.dir/Middlewares/ST/STM32_USB_Host_Library/Class/HID/Src/usbh_hid_mouse.c.obj
 .rodata.USBH_HandleEnum.str1.4
                0x0800c4fc      0x1c8 CMakeFiles/stm32_usb_gamepad.elf.dir/Middlewares/ST/STM32_USB_Host_Library/Core/Src/usbh_core.c.obj
                                0x1d0 (size before relaxing)
 .rodata.USBH_Init.str1.4
                0x0800c6c4       0x14 CMakeFiles/stm32_usb_gamepad.elf.dir/Middlewares/ST/STM32_USB_Host_Library/Core/Src/usbh_core.c.obj
 .rodata.USBH_RegisterClass.str1.4
                0x0800c6d8       0x31 CMakeFiles/stm32_usb_gamepad.elf.dir/Middlewares/ST/STM32_USB_Host_Library/Core/Src/usbh_core.c.obj
 *fill*         0x0800c709        0x3 
 .rodata.USBH_SelectInterface.str1.4
                0x0800c70c       0x6e CMakeFiles/stm32_usb_gamepad.elf.dir/Middlewares/ST/STM32_USB_Host_Library/Core/Src/usbh_core.c.obj
 *fill*         0x0800c77a        0x2 
 .rodata.USBH_Process.str1.4
                0x0800c77c      0x1ac CMakeFiles/stm32_usb_gamepad.elf.dir/Middlewares/ST/STM32_USB_Host_Library/Core/Src/usbh_core.c.obj
 .rodata.USBH_HandleControl.str1.4
                0x0800c928       0x25 CMakeFiles/stm32_usb_gamepad.elf.dir/Middlewares/ST/STM32_USB_Host_Library/Core/Src/usbh_ctlreq.c.obj
                                 0x2d (size before relaxing)
 *fill*         0x0800c94d        0x3 
 .rodata._global_impure_ptr
                0x0800c950        0x4 c:/ide/arm/10-2021-07/bin/../lib/gcc/arm-none-eabi/10.3.1/../../../../arm-none-eabi/lib/thumb/v7e-m/nofp\libg.a(lib_a-impure.o)
                0x0800c950                _global_impure_ptr
 .rodata._puts_r.str1.4
                0x0800c954       0x25 c:/ide/arm/10-2021-07/bin/../lib/gcc/arm-none-eabi/10.3.1/../../../../arm-none-eabi/lib/thumb/v7e-m/nofp\libg.a(lib_a-puts.o)
                                  0x2 (size before relaxing)
 .rodata._vfprintf_r.str1.4
                0x0800c954       0x42 c:/ide/arm/10-2021-07/bin/../lib/gcc/arm-none-eabi/10.3.1/../../../../arm-none-eabi/lib/thumb/v7e-m/nofp\libg.a(lib_a-vfprintf.o)
 *fill*         0x0800c996        0x2 
 .rodata.blanks.1
                0x0800c998       0x10 c:/ide/arm/10-2021-07/bin/../lib/gcc/arm-none-eabi/10.3.1/../../../../arm-none-eabi/lib/thumb/v7e-m/nofp\libg.a(lib_a-vfprintf.o)
 .rodata.zeroes.0
                0x0800c9a8       0x10 c:/ide/arm/10-2021-07/bin/../lib/gcc/arm-none-eabi/10.3.1/../../../../arm-none-eabi/lib/thumb/v7e-m/nofp\libg.a(lib_a-vfprintf.o)
 .rodata._dtoa_r.str1.4
                0x0800c9b8       0xa2 c:/ide/arm/10-2021-07/bin/../lib/gcc/arm-none-eabi/10.3.1/../../../../arm-none-eabi/lib/thumb/v7e-m/nofp\libg.a(lib_a-dtoa.o)
                                 0xa6 (size before relaxing)
 *fill*         0x0800ca5a        0x2 
 .rodata.__multadd.str1.4
                0x0800ca5c       0x7f c:/ide/arm/10-2021-07/bin/../lib/gcc/arm-none-eabi/10.3.1/../../../../arm-none-eabi/lib/thumb/v7e-m/nofp\libg.a(lib_a-mprec.o)
                                 0x93 (size before relaxing)
 *fill*         0x0800cadb        0x5 
 .rodata.__mprec_bigtens
                0x0800cae0       0x28 c:/ide/arm/10-2021-07/bin/../lib/gcc/arm-none-eabi/10.3.1/../../../../arm-none-eabi/lib/thumb/v7e-m/nofp\libg.a(lib_a-mprec.o)
                0x0800cae0                __mprec_bigtens
 .rodata.__mprec_tens
                0x0800cb08       0xc8 c:/ide/arm/10-2021-07/bin/../lib/gcc/arm-none-eabi/10.3.1/../../../../arm-none-eabi/lib/thumb/v7e-m/nofp\libg.a(lib_a-mprec.o)
                0x0800cb08                __mprec_tens
 .rodata.p05.0  0x0800cbd0        0xc c:/ide/arm/10-2021-07/bin/../lib/gcc/arm-none-eabi/10.3.1/../../../../arm-none-eabi/lib/thumb/v7e-m/nofp\libg.a(lib_a-mprec.o)
 .rodata._vfiprintf_r.str1.4
                0x0800cbdc       0x2f c:/ide/arm/10-2021-07/bin/../lib/gcc/arm-none-eabi/10.3.1/../../../../arm-none-eabi/lib/thumb/v7e-m/nofp\libg.a(lib_a-vfiprintf.o)
 .rodata.blanks.1
                0x0800cbdc       0x10 c:/ide/arm/10-2021-07/bin/../lib/gcc/arm-none-eabi/10.3.1/../../../../arm-none-eabi/lib/thumb/v7e-m/nofp\libg.a(lib_a-vfiprintf.o)
 .rodata.zeroes.0
                0x0800cbec       0x10 c:/ide/arm/10-2021-07/bin/../lib/gcc/arm-none-eabi/10.3.1/../../../../arm-none-eabi/lib/thumb/v7e-m/nofp\libg.a(lib_a-vfiprintf.o)
 .rodata.__assert_func.str1.4
                0x0800cbfc       0x3f c:/ide/arm/10-2021-07/bin/../lib/gcc/arm-none-eabi/10.3.1/../../../../arm-none-eabi/lib/thumb/v7e-m/nofp\libg.a(lib_a-assert.o)
                                 0x43 (size before relaxing)
 *fill*         0x0800cc3b        0x1 
 .rodata._setlocale_r.str1.4
                0x0800cc3c        0xa c:/ide/arm/10-2021-07/bin/../lib/gcc/arm-none-eabi/10.3.1/../../../../arm-none-eabi/lib/thumb/v7e-m/nofp\libg.a(lib_a-locale.o)
                                  0xd (size before relaxing)
 .rodata.str1.4
                0x0800cc46        0xa c:/ide/arm/10-2021-07/bin/../lib/gcc/arm-none-eabi/10.3.1/../../../../arm-none-eabi/lib/thumb/v7e-m/nofp\libg.a(lib_a-locale.o)
                                  0x2 (size before relaxing)
 *fill*         0x0800cc46        0x2 
 .rodata._ctype_
                0x0800cc48      0x101 c:/ide/arm/10-2021-07/bin/../lib/gcc/arm-none-eabi/10.3.1/../../../../arm-none-eabi/lib/thumb/v7e-m/nofp\libg.a(lib_a-ctype_.o)
                0x0800cc48                _ctype_
                0x0800cd4c                . = ALIGN (0x4)
 *fill*         0x0800cd49        0x3 

.ARM.extab
 *(.ARM.extab* .gnu.linkonce.armextab.*)

.ARM            0x0800cd4c        0x8
                0x0800cd4c                __exidx_start = .
 *(.ARM.exidx*)
 .ARM.exidx     0x0800cd4c        0x8 c:/ide/arm/10-2021-07/bin/../lib/gcc/arm-none-eabi/10.3.1/thumb/v7e-m/nofp\libgcc.a(_udivmoddi4.o)
                0x0800cd54                __exidx_end = .

.rel.dyn        0x0800cd54        0x0
 .rel.iplt      0x0800cd54        0x0 c:/ide/arm/10-2021-07/bin/../lib/gcc/arm-none-eabi/10.3.1/thumb/v7e-m/nofp/crtbegin.o

.preinit_array  0x0800cd54        0x0
                0x0800cd54                PROVIDE (__preinit_array_start = .)
 *(.preinit_array*)
                0x0800cd54                PROVIDE (__preinit_array_end = .)

.init_array     0x0800cd54        0x8
                0x0800cd54                PROVIDE (__init_array_start = .)
 *(SORT_BY_NAME(.init_array.*))
 .init_array.00000
                0x0800cd54        0x4 c:/ide/arm/10-2021-07/bin/../lib/gcc/arm-none-eabi/10.3.1/../../../../arm-none-eabi/lib/thumb/v7e-m/nofp\libg.a(lib_a-__call_atexit.o)
 *(.init_array*)
 .init_array    0x0800cd58        0x4 c:/ide/arm/10-2021-07/bin/../lib/gcc/arm-none-eabi/10.3.1/thumb/v7e-m/nofp/crtbegin.o
                0x0800cd5c                PROVIDE (__init_array_end = .)

.fini_array     0x0800cd5c        0x4
                0x0800cd5c                PROVIDE (__fini_array_start = .)
 *(SORT_BY_NAME(.fini_array.*))
 *(.fini_array*)
 .fini_array    0x0800cd5c        0x4 c:/ide/arm/10-2021-07/bin/../lib/gcc/arm-none-eabi/10.3.1/thumb/v7e-m/nofp/crtbegin.o
                0x0800cd60                PROVIDE (__fini_array_end = .)
                0x0800cd60                _sidata = LOADADDR (.data)

.data           0x20000000      0x9d8 load address 0x0800cd60
                0x20000000                . = ALIGN (0x4)
                0x20000000                _sdata = .
 *(.data)
 *(.data*)
 .data.SystemCoreClock
                0x20000000        0x4 CMakeFiles/stm32_usb_gamepad.elf.dir/Core/Src/system_stm32f4xx.c.obj
                0x20000000                SystemCoreClock
 .data.uwTickFreq
                0x20000004        0x1 CMakeFiles/stm32_usb_gamepad.elf.dir/Drivers/STM32F4xx_HAL_Driver/Src/stm32f4xx_hal.c.obj
                0x20000004                uwTickFreq
 *fill*         0x20000005        0x3 
 .data.uwTickPrio
                0x20000008        0x4 CMakeFiles/stm32_usb_gamepad.elf.dir/Drivers/STM32F4xx_HAL_Driver/Src/stm32f4xx_hal.c.obj
                0x20000008                uwTickPrio
 .data.HID_Class
                0x2000000c       0x20 CMakeFiles/stm32_usb_gamepad.elf.dir/Middlewares/ST/STM32_USB_Host_Library/Class/HID/Src/usbh_hid.c.obj
                0x2000000c                HID_Class
 .data._impure_ptr
                0x2000002c        0x4 c:/ide/arm/10-2021-07/bin/../lib/gcc/arm-none-eabi/10.3.1/../../../../arm-none-eabi/lib/thumb/v7e-m/nofp\libg.a(lib_a-impure.o)
                0x2000002c                _impure_ptr
 .data.impure_data
                0x20000030      0x428 c:/ide/arm/10-2021-07/bin/../lib/gcc/arm-none-eabi/10.3.1/../../../../arm-none-eabi/lib/thumb/v7e-m/nofp\libg.a(lib_a-impure.o)
 .data.__malloc_av_
                0x20000458      0x408 c:/ide/arm/10-2021-07/bin/../lib/gcc/arm-none-eabi/10.3.1/../../../../arm-none-eabi/lib/thumb/v7e-m/nofp\libg.a(lib_a-mallocr.o)
                0x20000458                __malloc_av_
 .data.__malloc_sbrk_base
                0x20000860        0x4 c:/ide/arm/10-2021-07/bin/../lib/gcc/arm-none-eabi/10.3.1/../../../../arm-none-eabi/lib/thumb/v7e-m/nofp\libg.a(lib_a-mallocr.o)
                0x20000860                __malloc_sbrk_base
 .data.__malloc_trim_threshold
                0x20000864        0x4 c:/ide/arm/10-2021-07/bin/../lib/gcc/arm-none-eabi/10.3.1/../../../../arm-none-eabi/lib/thumb/v7e-m/nofp\libg.a(lib_a-mallocr.o)
                0x20000864                __malloc_trim_threshold
 .data.__atexit_recursive_mutex
                0x20000868        0x4 c:/ide/arm/10-2021-07/bin/../lib/gcc/arm-none-eabi/10.3.1/../../../../arm-none-eabi/lib/thumb/v7e-m/nofp\libg.a(lib_a-__call_atexit.o)
                0x20000868                __atexit_recursive_mutex
 .data.__global_locale
                0x2000086c      0x16c c:/ide/arm/10-2021-07/bin/../lib/gcc/arm-none-eabi/10.3.1/../../../../arm-none-eabi/lib/thumb/v7e-m/nofp\libg.a(lib_a-locale.o)
                0x2000086c                __global_locale
                0x200009d8                . = ALIGN (0x4)
                0x200009d8                _edata = .
                0x0800d738                _siccmram = LOADADDR (.ccmram)

.igot.plt       0x200009d8        0x0 load address 0x0800d738
 .igot.plt      0x200009d8        0x0 c:/ide/arm/10-2021-07/bin/../lib/gcc/arm-none-eabi/10.3.1/thumb/v7e-m/nofp/crtbegin.o

.ccmram         0x10000000        0x0 load address 0x0800d738
                0x10000000                . = ALIGN (0x4)
                0x10000000                _sccmram = .
 *(.ccmram)
 *(.ccmram*)
                0x10000000                . = ALIGN (0x4)
                0x10000000                _eccmram = .
                0x10000000                . = ALIGN (0x4)

.bss            0x200009d8      0xef8
                0x200009d8                _sbss = .
                0x200009d8                __bss_start__ = _sbss
 *(.bss)
 .bss           0x200009d8       0x1c c:/ide/arm/10-2021-07/bin/../lib/gcc/arm-none-eabi/10.3.1/thumb/v7e-m/nofp/crtbegin.o
 *(.bss*)
 .bss.hi2c1     0x200009f4       0x54 CMakeFiles/stm32_usb_gamepad.elf.dir/Core/Src/main.c.obj
                0x200009f4                hi2c1
 .bss.hi2s3     0x20000a48       0x48 CMakeFiles/stm32_usb_gamepad.elf.dir/Core/Src/main.c.obj
                0x20000a48                hi2s3
 .bss.hspi1     0x20000a90       0x58 CMakeFiles/stm32_usb_gamepad.elf.dir/Core/Src/main.c.obj
                0x20000a90                hspi1
 .bss.huart2    0x20000ae8       0x44 CMakeFiles/stm32_usb_gamepad.elf.dir/Core/Src/main.c.obj
                0x20000ae8                huart2
 .bss.i.0       0x20000b2c        0x4 CMakeFiles/stm32_usb_gamepad.elf.dir/Core/Src/main.c.obj
 .bss.heap_end.0
                0x20000b30        0x4 CMakeFiles/stm32_usb_gamepad.elf.dir/Core/Src/syscalls.c.obj
 .bss.uwTick    0x20000b34        0x4 CMakeFiles/stm32_usb_gamepad.elf.dir/Drivers/STM32F4xx_HAL_Driver/Src/stm32f4xx_hal.c.obj
                0x20000b34                uwTick
 .bss.gamepad_info
                0x20000b38        0x8 CMakeFiles/stm32_usb_gamepad.elf.dir/Middlewares/ST/STM32_USB_Host_Library/Class/HID/Src/usbh_hid_gamepad.c.obj
                0x20000b38                gamepad_info
 .bss.gamepad_report_data
                0x20000b40        0x8 CMakeFiles/stm32_usb_gamepad.elf.dir/Middlewares/ST/STM32_USB_Host_Library/Class/HID/Src/usbh_hid_gamepad.c.obj
                0x20000b40                gamepad_report_data
 .bss.gamepad_rx_report_buf
                0x20000b48        0x8 CMakeFiles/stm32_usb_gamepad.elf.dir/Middlewares/ST/STM32_USB_Host_Library/Class/HID/Src/usbh_hid_gamepad.c.obj
                0x20000b48                gamepad_rx_report_buf
 .bss.keybd_info
                0x20000b50        0xf CMakeFiles/stm32_usb_gamepad.elf.dir/Middlewares/ST/STM32_USB_Host_Library/Class/HID/Src/usbh_hid_keybd.c.obj
                0x20000b50                keybd_info
 *fill*         0x20000b5f        0x1 
 .bss.keybd_report_data
                0x20000b60        0x8 CMakeFiles/stm32_usb_gamepad.elf.dir/Middlewares/ST/STM32_USB_Host_Library/Class/HID/Src/usbh_hid_keybd.c.obj
                0x20000b60                keybd_report_data
 .bss.keybd_rx_report_buf
                0x20000b68        0x8 CMakeFiles/stm32_usb_gamepad.elf.dir/Middlewares/ST/STM32_USB_Host_Library/Class/HID/Src/usbh_hid_keybd.c.obj
                0x20000b68                keybd_rx_report_buf
 .bss.mouse_info
                0x20000b70        0x5 CMakeFiles/stm32_usb_gamepad.elf.dir/Middlewares/ST/STM32_USB_Host_Library/Class/HID/Src/usbh_hid_mouse.c.obj
                0x20000b70                mouse_info
 *fill*         0x20000b75        0x3 
 .bss.mouse_report_data
                0x20000b78        0x8 CMakeFiles/stm32_usb_gamepad.elf.dir/Middlewares/ST/STM32_USB_Host_Library/Class/HID/Src/usbh_hid_mouse.c.obj
                0x20000b78                mouse_report_data
 .bss.mouse_rx_report_buf
                0x20000b80        0x8 CMakeFiles/stm32_usb_gamepad.elf.dir/Middlewares/ST/STM32_USB_Host_Library/Class/HID/Src/usbh_hid_mouse.c.obj
                0x20000b80                mouse_rx_report_buf
 .bss.Appli_state
                0x20000b88        0x1 CMakeFiles/stm32_usb_gamepad.elf.dir/USB_HOST/App/usb_host.c.obj
                0x20000b88                Appli_state
 *fill*         0x20000b89        0x3 
 .bss.hUsbHostFS
                0x20000b8c      0x9f8 CMakeFiles/stm32_usb_gamepad.elf.dir/USB_HOST/App/usb_host.c.obj
                0x20000b8c                hUsbHostFS
 .bss.hhcd_USB_OTG_FS
                0x20001584      0x304 CMakeFiles/stm32_usb_gamepad.elf.dir/USB_HOST/Target/usbh_conf.c.obj
                0x20001584                hhcd_USB_OTG_FS
 .bss.__malloc_current_mallinfo